 minihv

 Timestamp is 5a9815b9 (Thu Mar  1 17:01:13 2018)

 Preferred load address is 0000010000000000

 Start         Length     Name                   Class
 0001:00000000 0000d9a0H .boot                   CODE
 0001:0000d9a0 00000a50H .text                   CODE
 0001:0000e3f0 00057853H .text$mn                CODE
 0002:00000000 000052f4H .rdata                  DATA
 0002:000052f4 00000140H .rdata$zzzdbg           DATA
 0002:00005434 00001fb4H .xdata                  DATA
 0002:000073e8 00000000H .edata                  DATA
 0003:00000000 000189c0H .data                   DATA
 0003:000189c0 00003214H .bss                    DATA
 0004:00000000 00002f28H .pdata                  DATA
 0005:00000000 00000060H .rsrc$01                DATA
 0005:00000060 00000180H .rsrc$02                DATA

  Address         Publics by Value              Rva+Base               Lib:Object

 0000:00000000       __guard_longjmp_table      0000000000000000     <absolute>
 0000:00000000       __guard_longjmp_count      0000000000000000     <absolute>
 0000:00000000       __guard_flags              0000000000000000     <absolute>
 0000:00000000       __guard_iat_table          0000000000000000     <absolute>
 0000:00000000       __dynamic_value_reloc_table 0000000000000000     <absolute>
 0000:00000000       __guard_fids_count         0000000000000000     <absolute>
 0000:00000000       __guard_iat_count          0000000000000000     <absolute>
 0000:00000000       __guard_fids_table         0000000000000000     <absolute>
 0000:00000000       __ImageBase                0000010000000000     <linker-defined>
 0001:00000100       gTempE820EntriesExt        0000010000000500     _init32.obj
 0001:00000104       gTempE820                  0000010000000504     _init32.obj
 0001:0000bc00       __MultiBootEntryPoint      000001000000c000     _init32.obj
 0001:0000d9c8       _start_guest_16            000001000000ddc8     _guest.obj
 0001:0000da65       _end_guest_16              000001000000de65     _guest.obj
 0001:0000da65       _start_hooked_int15h       000001000000de65     _guest.obj
 0001:0000da69       SaveGuestRegisters         000001000000de69     _guest.obj
 0001:0000da69       _end_hooked_int15h         000001000000de69     _guest.obj
 0001:0000dac7       RestoreGuestRegistersAndResume 000001000000dec7     _guest.obj
 0001:0000dad0       GenerateDivideException    000001000000ded0     _isr.obj
 0001:0000dae0       DivideError                000001000000dee0     _isr.obj
 0001:0000db00       DebugException             000001000000df00     _isr.obj
 0001:0000db20       NMIInterrupt               000001000000df20     _isr.obj
 0001:0000db40       BreakpointException        000001000000df40     _isr.obj
 0001:0000db60       OverflowException          000001000000df60     _isr.obj
 0001:0000db80       BoundRangeExceededException 000001000000df80     _isr.obj
 0001:0000dba0       InvalidOpcode              000001000000dfa0     _isr.obj
 0001:0000dbc0       DeviceNotAvailable         000001000000dfc0     _isr.obj
 0001:0000dbe0       DoubleFault                000001000000dfe0     _isr.obj
 0001:0000dc00       CoprocessorSegmentOverrun  000001000000e000     _isr.obj
 0001:0000dc20       InvalidTSS                 000001000000e020     _isr.obj
 0001:0000dc40       SegmentNotPresent          000001000000e040     _isr.obj
 0001:0000dc60       StackFault                 000001000000e060     _isr.obj
 0001:0000dc80       GeneralProtection          000001000000e080     _isr.obj
 0001:0000dca0       PageFault                  000001000000e0a0     _isr.obj
 0001:0000dcc0       FloatingPointX87Error      000001000000e0c0     _isr.obj
 0001:0000dce0       AlignmentCheck             000001000000e0e0     _isr.obj
 0001:0000dd00       MachineCheck               000001000000e100     _isr.obj
 0001:0000dd20       FloatingPointSIMD          000001000000e120     _isr.obj
 0001:0000dd40       VirtualizationException    000001000000e140     _isr.obj
 0001:0000de10       tramp_start                000001000000e210     _trampoline.obj
 0001:0000ded3       switch_rip_2_va            000001000000e2d3     _trampoline.obj
 0001:0000deff       stack                      000001000000e2ff     _trampoline.obj
 0001:0000df07       pml4TableAddress           000001000000e307     _trampoline.obj
 0001:0000df0f       apsGdtrLength              000001000000e30f     _trampoline.obj
 0001:0000df11       apsGdtrAddress             000001000000e311     _trampoline.obj
 0001:0000df19       apsTrSelector              000001000000e319     _trampoline.obj
 0001:0000e3a3       paToVa                     000001000000e7a3     _trampoline.obj
 0001:0000e3ab       tramp_end                  000001000000e7ab     _trampoline.obj
 0001:0000e3b0       RestoreRegisters           000001000000e7b0     _utils.obj
 0001:0000e3f0       AcpiInit                   000001000000e7f0 f   acpi.obj
 0001:0000e4c0       AcpiGetProcessors          000001000000e8c0 f   acpi.obj
 0001:0000e740       GetNrOfCpus                000001000000eb40 f   acpi.obj
 0001:0000e770       AcpiGetPciEcam             000001000000eb70 f   acpi.obj
 0001:0000e9d0       AcpiOsInitialize           000001000000edd0 f   acpi_interf.obj
 0001:0000ea10       AcpiOsTerminate            000001000000ee10 f   acpi_interf.obj
 0001:0000ea50       AcpiOsGetRootPointer       000001000000ee50 f   acpi_interf.obj
 0001:0000ead0       AcpiOsPredefinedOverride   000001000000eed0 f   acpi_interf.obj
 0001:0000eb40       AcpiOsTableOverride        000001000000ef40 f   acpi_interf.obj
 0001:0000ebb0       AcpiOsPhysicalTableOverride 000001000000efb0 f   acpi_interf.obj
 0001:0000ec30       AcpiOsCreateLock           000001000000f030 f   acpi_interf.obj
 0001:0000ec90       AcpiOsDeleteLock           000001000000f090 f   acpi_interf.obj
 0001:0000ece0       AcpiOsAcquireLock          000001000000f0e0 f   acpi_interf.obj
 0001:0000ed40       AcpiOsReleaseLock          000001000000f140 f   acpi_interf.obj
 0001:0000eda0       AcpiOsCreateSemaphore      000001000000f1a0 f   acpi_interf.obj
 0001:0000ee00       AcpiOsDeleteSemaphore      000001000000f200 f   acpi_interf.obj
 0001:0000ee50       AcpiOsWaitSemaphore        000001000000f250 f   acpi_interf.obj
 0001:0000eea0       AcpiOsSignalSemaphore      000001000000f2a0 f   acpi_interf.obj
 0001:0000eef0       AcpiOsAllocate             000001000000f2f0 f   acpi_interf.obj
 0001:0000ef20       AcpiOsFree                 000001000000f320 f   acpi_interf.obj
 0001:0000ef60       AcpiOsMapMemory            000001000000f360 f   acpi_interf.obj
 0001:0000efd0       AcpiOsUnmapMemory          000001000000f3d0 f   acpi_interf.obj
 0001:0000f020       AcpiOsCreateCache          000001000000f420 f   acpi_interf.obj
 0001:0000f0c0       AcpiOsDeleteCache          000001000000f4c0 f   acpi_interf.obj
 0001:0000f110       AcpiOsPurgeCache           000001000000f510 f   acpi_interf.obj
 0001:0000f160       AcpiOsAcquireObject        000001000000f560 f   acpi_interf.obj
 0001:0000f1f0       AcpiOsReleaseObject        000001000000f5f0 f   acpi_interf.obj
 0001:0000f240       AcpiOsInstallInterruptHandler 000001000000f640 f   acpi_interf.obj
 0001:0000f290       AcpiOsRemoveInterruptHandler 000001000000f690 f   acpi_interf.obj
 0001:0000f2e0       AcpiOsGetThreadId          000001000000f6e0 f   acpi_interf.obj
 0001:0000f320       AcpiOsExecute              000001000000f720 f   acpi_interf.obj
 0001:0000f370       AcpiOsWaitEventsComplete   000001000000f770 f   acpi_interf.obj
 0001:0000f3b0       AcpiOsSleep                000001000000f7b0 f   acpi_interf.obj
 0001:0000f440       AcpiOsStall                000001000000f840 f   acpi_interf.obj
 0001:0000f480       AcpiOsReadPort             000001000000f880 f   acpi_interf.obj
 0001:0000f4d0       AcpiOsWritePort            000001000000f8d0 f   acpi_interf.obj
 0001:0000f520       AcpiOsReadMemory           000001000000f920 f   acpi_interf.obj
 0001:0000f5b0       AcpiOsWriteMemory          000001000000f9b0 f   acpi_interf.obj
 0001:0000f600       AcpiOsReadPciConfiguration 000001000000fa00 f   acpi_interf.obj
 0001:0000f660       AcpiOsWritePciConfiguration 000001000000fa60 f   acpi_interf.obj
 0001:0000f6b0       AcpiOsReadable             000001000000fab0 f   acpi_interf.obj
 0001:0000f700       AcpiOsWritable             000001000000fb00 f   acpi_interf.obj
 0001:0000f750       AcpiOsGetTimer             000001000000fb50 f   acpi_interf.obj
 0001:0000f790       AcpiOsSignal               000001000000fb90 f   acpi_interf.obj
 0001:0000f7e0       AcpiOsPrintf               000001000000fbe0 f   acpi_interf.obj
 0001:0000f800       AcpiSetErrorCode           000001000000fc00 f   acpi_interf.obj
 0001:0000f820       AcpiOsVprintf              000001000000fc20 f   acpi_interf.obj
 0001:0000f840       AcpiOsRedirectOutput       000001000000fc40 f   acpi_interf.obj
 0001:0000f880       AcpiOsGetLine              000001000000fc80 f   acpi_interf.obj
 0001:0000f8d0       AcpiOsEnterSleep           000001000000fcd0 f   acpi_interf.obj
 0001:0000f920       ConsoleInit                000001000000fd20 f   cconsole.obj
 0001:0000f940       ConsolePutChar             000001000000fd40 f   cconsole.obj
 0001:0000fbf0       CConsolePrint              000001000000fff0 f   cconsole.obj
 0001:0000fce0       WriteCurrentFileDbg        00000100000100e0 f   cconsole.obj
 0001:0000fd50       WriteBlinkingText          0000010000010150 f   cconsole.obj
 0001:0000fe00       SetDefaultCol              0000010000010200 f   cconsole.obj
 0001:0000fe80       IncrementLoaded            0000010000010280 f   cconsole.obj
 0001:0000fea0       RandRdtsc                  00000100000102a0 f   cconsole.obj
 0001:0000fec0       WriteMiniHv                00000100000102c0 f   cconsole.obj
 0001:0000ff40       ApplyKeywordSettings       0000010000010340 f   cconsole.obj
 0001:0000ff50       SetToWriteLoadBar          0000010000010350 f   cconsole.obj
 0001:0000ffe0       ConsoleGetCursor           00000100000103e0 f   cconsole.obj
 0001:0000fff0       ConsolePrint               00000100000103f0 f   console.obj
 0001:000100a0       SetNewLine                 00000100000104a0 f   console.obj
 0001:000100e0       DumpCpuInfo                00000100000104e0 f   cpu.obj
 0001:000101a0       Check_ECX                  00000100000105a0 f   cpuid.obj
 0001:00010b30       CustomItoa                 0000010000010f30 f   crt.obj
 0001:00010c80       CustomSnprintFunc          0000010000011080 f   crt.obj
 0001:00011130       CustomSnprintf             0000010000011530 f   crt.obj
 0001:00011190       CustomPrintf               0000010000011590 f   crt.obj
 0001:00011210       CustomMemcpy               0000010000011610 f   crt.obj
 0001:00011280       CustomMemset               0000010000011680 f   crt.obj
 0001:000112e0       DbgDebugLog                00000100000116e0 f   dbglog.obj
 0001:00011460       MemDump                    0000010000011860 f   dbglog.obj
 0001:00011aa0       decode_internal            0000010000011ea0 f   decoder.obj
 0001:00013190       distorm_decompose64        0000010000013590 f   distorm.obj
 0001:00013270       distorm_decode64           0000010000013670 f   distorm.obj
 0001:00013460       distorm_format64           0000010000013860 f   distorm.obj
 0001:00014130       distorm_version            0000010000014530 f   distorm.obj
 0001:000145a0       AcpiDmParseDeferredOps     00000100000149a0 f   dmdeferred.obj
 0001:00014930       PciRead8                   0000010000014d30 f   driver.obj
 0001:00014980       PciRead16                  0000010000014d80 f   driver.obj
 0001:000149d0       PciRead32                  0000010000014dd0 f   driver.obj
 0001:00014a10       PciWrite8                  0000010000014e10 f   driver.obj
 0001:00014a60       PciWrite16                 0000010000014e60 f   driver.obj
 0001:00014ac0       PciWrite32                 0000010000014ec0 f   driver.obj
 0001:00014b10       PciGetBar                  0000010000014f10 f   driver.obj
 0001:00014cc0       AcpiDsGetBufferFieldArguments 00000100000150c0 f   dsargs.obj
 0001:00014d40       AcpiDsGetBankFieldArguments 0000010000015140 f   dsargs.obj
 0001:00014dc0       AcpiDsGetRegionArguments   00000100000151c0 f   dsargs.obj
 0001:00014e80       AcpiDsGetBufferArguments   0000010000015280 f   dsargs.obj
 0001:00014f10       AcpiDsGetPackageArguments  0000010000015310 f   dsargs.obj
 0001:00015180       AcpiDsExecBeginControlOp   0000010000015580 f   dscontrol.obj
 0001:000152b0       AcpiDsExecEndControlOp     00000100000156b0 f   dscontrol.obj
 0001:00015730       AcpiDsCreateField          0000010000015b30 f   dsfield.obj
 0001:00015860       AcpiDsCreateBankField      0000010000015c60 f   dsfield.obj
 0001:00015a20       AcpiDsCreateIndexField     0000010000015e20 f   dsfield.obj
 0001:00015bb0       AcpiDsCreateBufferField    0000010000015fb0 f   dsfield.obj
 0001:00015e00       AcpiDsInitFieldObjects     0000010000016200 f   dsfield.obj
 0001:000163b0       AcpiDsInitializeObjects    00000100000167b0 f   dsinit.obj
 0001:000166a0       AcpiDsAutoSerializeMethod  0000010000016aa0 f   dsmethod.obj
 0001:000167d0       AcpiDsCallControlMethod    0000010000016bd0 f   dsmethod.obj
 0001:00016a20       AcpiDsRestartControlMethod 0000010000016e20 f   dsmethod.obj
 0001:00016af0       AcpiDsTerminateControlMethod 0000010000016ef0 f   dsmethod.obj
 0001:00016cf0       AcpiDsBeginMethodExecution 00000100000170f0 f   dsmethod.obj
 0001:00016f90       AcpiDsMethodError          0000010000017390 f   dsmethod.obj
 0001:00017150       AcpiDsStoreObjectToLocal   0000010000017550 f   dsmthdat.obj
 0001:000172e0       AcpiDsMethodDataDeleteAll  00000100000176e0 f   dsmthdat.obj
 0001:000173a0       AcpiDsMethodDataGetValue   00000100000177a0 f   dsmthdat.obj
 0001:00017500       AcpiDsMethodDataInitArgs   0000010000017900 f   dsmthdat.obj
 0001:00017590       AcpiDsMethodDataGetNode    0000010000017990 f   dsmthdat.obj
 0001:000176a0       AcpiDsMethodDataInit       0000010000017aa0 f   dsmthdat.obj
 0001:000178e0       AcpiDsBuildInternalBufferObj 0000010000017ce0 f   dsobject.obj
 0001:00017aa0       AcpiDsBuildInternalPackageObj 0000010000017ea0 f   dsobject.obj
 0001:00017de0       AcpiDsInitObjectFromOp     00000100000181e0 f   dsobject.obj
 0001:00018270       AcpiDsCreateNode           0000010000018670 f   dsobject.obj
 0001:00018580       AcpiDsEvalBufferFieldOperands 0000010000018980 f   dsopcode.obj
 0001:00018770       AcpiDsEvalRegionOperands   0000010000018b70 f   dsopcode.obj
 0001:000188d0       AcpiDsEvalTableRegionOperands 0000010000018cd0 f   dsopcode.obj
 0001:00018ab0       AcpiDsEvalDataObjectOperands 0000010000018eb0 f   dsopcode.obj
 0001:00018c70       AcpiDsEvalBankFieldOperands 0000010000019070 f   dsopcode.obj
 0001:00018dc0       AcpiDsInitializeRegion     00000100000191c0 f   dsopcode.obj
 0001:000191c0       AcpiDsClearImplicitReturn  00000100000195c0 f   dsutils.obj
 0001:00019220       AcpiDsDoImplicitReturn     0000010000019620 f   dsutils.obj
 0001:000192b0       AcpiDsIsResultUsed         00000100000196b0 f   dsutils.obj
 0001:00019490       AcpiDsDeleteResultIfNotUsed 0000010000019890 f   dsutils.obj
 0001:00019520       AcpiDsCreateOperand        0000010000019920 f   dsutils.obj
 0001:00019940       AcpiDsCreateOperands       0000010000019d40 f   dsutils.obj
 0001:00019ab0       AcpiDsResolveOperands      0000010000019eb0 f   dsutils.obj
 0001:00019b20       AcpiDsClearOperands        0000010000019f20 f   dsutils.obj
 0001:00019b90       AcpiDsEvaluateNamePath     0000010000019f90 f   dsutils.obj
 0001:00019d60       AcpiDsGetPredicateValue    000001000001a160 f   dswexec.obj
 0001:00019fb0       AcpiDsExecBeginOp          000001000001a3b0 f   dswexec.obj
 0001:0001a1f0       AcpiDsExecEndOp            000001000001a5f0 f   dswexec.obj
 0001:0001a9e0       AcpiDsInitCallbacks        000001000001ade0 f   dswload.obj
 0001:0001ab00       AcpiDsLoad1BeginOp         000001000001af00 f   dswload.obj
 0001:0001af80       AcpiDsLoad1EndOp           000001000001b380 f   dswload.obj
 0001:0001b240       AcpiDsLoad2BeginOp         000001000001b640 f   dswload2.obj
 0001:0001b800       AcpiDsLoad2EndOp           000001000001bc00 f   dswload2.obj
 0001:0001bdf0       AcpiDsScopeStackPush       000001000001c1f0 f   dswscope.obj
 0001:0001bee0       AcpiDsScopeStackPop        000001000001c2e0 f   dswscope.obj
 0001:0001bf50       AcpiDsScopeStackClear      000001000001c350 f   dswscope.obj
 0001:0001bfa0       AcpiDsObjStackPush         000001000001c3a0 f   dswstate.obj
 0001:0001c050       AcpiDsObjStackPop          000001000001c450 f   dswstate.obj
 0001:0001c110       AcpiDsCreateWalkState      000001000001c510 f   dswstate.obj
 0001:0001c1d0       AcpiDsInitAmlWalk          000001000001c5d0 f   dswstate.obj
 0001:0001c430       AcpiDsObjStackPopAndDelete 000001000001c830 f   dswstate.obj
 0001:0001c4f0       AcpiDsDeleteWalkState      000001000001c8f0 f   dswstate.obj
 0001:0001c650       AcpiDsPopWalkState         000001000001ca50 f   dswstate.obj
 0001:0001c690       AcpiDsPushWalkState        000001000001ca90 f   dswstate.obj
 0001:0001c6c0       AcpiDsGetCurrentWalkState  000001000001cac0 f   dswstate.obj
 0001:0001c6f0       AcpiDsResultPop            000001000001caf0 f   dswstate.obj
 0001:0001c860       AcpiDsResultPush           000001000001cc60 f   dswstate.obj
 0001:0001cb40       EptMapGuestPaToPa          000001000001cf40 f   ept.obj
 0001:0001d1e0       EptInitialization          000001000001d5e0 f   ept.obj
 0001:0001d210       EptGetEntryValue           000001000001d610 f   ept.obj
 0001:0001d480       EptSetEntryValue           000001000001d880 f   ept.obj
 0001:0001d720       AcpiEvInitializeEvents     000001000001db20 f   evevent.obj
 0001:0001d7b0       AcpiEvInstallXruptHandlers 000001000001dbb0 f   evevent.obj
 0001:0001d840       AcpiEvFixedEventDetect     000001000001dc40 f   evevent.obj
 0001:0001dab0       AcpiEvInitGlobalLockHandler 000001000001deb0 f   evglock.obj
 0001:0001db40       AcpiEvAcquireGlobalLock    000001000001df40 f   evglock.obj
 0001:0001dc50       AcpiEvReleaseGlobalLock    000001000001e050 f   evglock.obj
 0001:0001dce0       AcpiEvRemoveGlobalLockHandler 000001000001e0e0 f   evglock.obj
 0001:0001dda0       AcpiEvGpeDetect            000001000001e1a0 f   evgpe.obj
 0001:0001e030       AcpiEvUpdateGpeEnableMask  000001000001e430 f   evgpe.obj
 0001:0001e0d0       AcpiEvEnableGpe            000001000001e4d0 f   evgpe.obj
 0001:0001e120       AcpiEvAddGpeReference      000001000001e520 f   evgpe.obj
 0001:0001e1c0       AcpiEvRemoveGpeReference   000001000001e5c0 f   evgpe.obj
 0001:0001e260       AcpiEvGetGpeEventInfo      000001000001e660 f   evgpe.obj
 0001:0001e310       AcpiEvLowGetGpeInfo        000001000001e710 f   evgpe.obj
 0001:0001e380       AcpiEvFinishGpe            000001000001e780 f   evgpe.obj
 0001:0001e3e0       AcpiEvGpeDispatch          000001000001e7e0 f   evgpe.obj
 0001:0001e720       AcpiEvCreateGpeBlock       000001000001eb20 f   evgpeblk.obj
 0001:0001e900       AcpiEvInitializeGpeBlock   000001000001ed00 f   evgpeblk.obj
 0001:0001eac0       AcpiEvDeleteGpeBlock       000001000001eec0 f   evgpeblk.obj
 0001:0001ef80       AcpiEvGpeInitialize        000001000001f380 f   evgpeinit.obj
 0001:0001f1c0       AcpiEvUpdateGpes           000001000001f5c0 f   evgpeinit.obj
 0001:0001f320       AcpiEvMatchGpeMethod       000001000001f720 f   evgpeinit.obj
 0001:0001f520       AcpiEvWalkGpeList          000001000001f920 f   evgpeutil.obj
 0001:0001f5f0       AcpiEvGetGpeDevice         000001000001f9f0 f   evgpeutil.obj
 0001:0001f680       AcpiEvGetGpeXruptBlock     000001000001fa80 f   evgpeutil.obj
 0001:0001f7f0       AcpiEvDeleteGpeXrupt       000001000001fbf0 f   evgpeutil.obj
 0001:0001f8e0       AcpiEvDeleteGpeHandlers    000001000001fce0 f   evgpeutil.obj
 0001:0001fa30       AcpiEvHasDefaultHandler    000001000001fe30 f   evhandler.obj
 0001:0001fab0       AcpiEvInstallRegionHandlers 000001000001feb0 f   evhandler.obj
 0001:0001fb70       AcpiEvInstallSpaceHandler  000001000001ff70 f   evhandler.obj
 0001:00020110       AcpiEvIsNotifyObject       0000010000020510 f   evmisc.obj
 0001:00020150       AcpiEvQueueNotifyRequest   0000010000020550 f   evmisc.obj
 0001:000202b0       AcpiEvTerminate            00000100000206b0 f   evmisc.obj
 0001:00020490       AcpiEvInitializeOpRegions  0000010000020890 f   evregion.obj
 0001:00020530       AcpiEvAddressSpaceDispatch 0000010000020930 f   evregion.obj
 0001:000208e0       AcpiEvAttachRegion         0000010000020ce0 f   evregion.obj
 0001:00020950       AcpiEvDetachRegion         0000010000020d50 f   evregion.obj
 0001:00020bd0       AcpiEvExecuteRegMethods    0000010000020fd0 f   evregion.obj
 0001:00020c50       AcpiEvExecuteRegMethod     0000010000021050 f   evregion.obj
 0001:00020fb0       AcpiEvSystemMemoryRegionSetup 00000100000213b0 f   evrgnini.obj
 0001:00021090       AcpiEvIoSpaceRegionSetup   0000010000021490 f   evrgnini.obj
 0001:000210d0       AcpiEvPciConfigRegionSetup 00000100000214d0 f   evrgnini.obj
 0001:000213c0       AcpiEvCmosRegionSetup      00000100000217c0 f   evrgnini.obj
 0001:000213e0       AcpiEvPciBarRegionSetup    00000100000217e0 f   evrgnini.obj
 0001:00021400       AcpiEvDefaultRegionSetup   0000010000021800 f   evrgnini.obj
 0001:00021440       AcpiEvInitializeRegion     0000010000021840 f   evrgnini.obj
 0001:00021790       AcpiEvGpeXruptHandler      0000010000021b90 f   evsci.obj
 0001:000217d0       AcpiEvSciDispatch          0000010000021bd0 f   evsci.obj
 0001:00021860       AcpiEvInstallSciHandler    0000010000021c60 f   evsci.obj
 0001:000218a0       AcpiEvRemoveAllSciHandlers 0000010000021ca0 f   evsci.obj
 0001:000219a0       AcpiInstallSciHandler      0000010000021da0 f   evxface.obj
 0001:00021ac0       AcpiRemoveSciHandler       0000010000021ec0 f   evxface.obj
 0001:00021bd0       AcpiInstallGlobalEventHandler 0000010000021fd0 f   evxface.obj
 0001:00021c50       AcpiInstallFixedEventHandler 0000010000022050 f   evxface.obj
 0001:00021d70       AcpiRemoveFixedEventHandler 0000010000022170 f   evxface.obj
 0001:00021e40       AcpiInstallGpeHandler      0000010000022240 f   evxface.obj
 0001:00021ea0       AcpiInstallGpeRawHandler   00000100000222a0 f   evxface.obj
 0001:00021f00       AcpiRemoveGpeHandler       0000010000022300 f   evxface.obj
 0001:000220d0       AcpiInstallNotifyHandler   00000100000224d0 f   evxface.obj
 0001:000223f0       AcpiRemoveNotifyHandler    00000100000227f0 f   evxface.obj
 0001:000226a0       AcpiInstallExceptionHandler 0000010000022aa0 f   evxface.obj
 0001:00022700       AcpiAcquireGlobalLock      0000010000022b00 f   evxface.obj
 0001:00022770       AcpiReleaseGlobalLock      0000010000022b70 f   evxface.obj
 0001:00022a00       AcpiEnable                 0000010000022e00 f   evxfevnt.obj
 0001:00022a80       AcpiDisable                0000010000022e80 f   evxfevnt.obj
 0001:00022af0       AcpiEnableEvent            0000010000022ef0 f   evxfevnt.obj
 0001:00022bc0       AcpiDisableEvent           0000010000022fc0 f   evxfevnt.obj
 0001:00022c90       AcpiClearEvent             0000010000023090 f   evxfevnt.obj
 0001:00022ce0       AcpiGetEventStatus         00000100000230e0 f   evxfevnt.obj
 0001:00022dd0       AcpiUpdateAllGpes          00000100000231d0 f   evxfgpe.obj
 0001:00022e40       AcpiEnableGpe              0000010000023240 f   evxfgpe.obj
 0001:00022ed0       AcpiDisableGpe             00000100000232d0 f   evxfgpe.obj
 0001:00022f40       AcpiClearGpe               0000010000023340 f   evxfgpe.obj
 0001:00022fc0       AcpiSetGpe                 00000100000233c0 f   evxfgpe.obj
 0001:00023070       AcpiFinishGpe              0000010000023470 f   evxfgpe.obj
 0001:000230f0       AcpiMarkGpeForWake         00000100000234f0 f   evxfgpe.obj
 0001:00023170       AcpiSetupGpeForWake        0000010000023570 f   evxfgpe.obj
 0001:00023320       AcpiSetGpeWakeMask         0000010000023720 f   evxfgpe.obj
 0001:00023460       AcpiGetGpeStatus           0000010000023860 f   evxfgpe.obj
 0001:000234f0       AcpiDisableAllGpes         00000100000238f0 f   evxfgpe.obj
 0001:00023540       AcpiEnableAllRuntimeGpes   0000010000023940 f   evxfgpe.obj
 0001:00023590       AcpiEnableAllWakeupGpes    0000010000023990 f   evxfgpe.obj
 0001:000235e0       AcpiGetGpeDevice           00000100000239e0 f   evxfgpe.obj
 0001:00023670       AcpiInstallGpeBlock        0000010000023a70 f   evxfgpe.obj
 0001:00023810       AcpiRemoveGpeBlock         0000010000023c10 f   evxfgpe.obj
 0001:000238f0       AcpiInstallAddressSpaceHandler 0000010000023cf0 f   evxfregn.obj
 0001:000239f0       AcpiRemoveAddressSpaceHandler 0000010000023df0 f   evxfregn.obj
 0001:00023ba0       AcpiExLoadOp               0000010000023fa0 f   exconfig.obj
 0001:00023ec0       AcpiExLoadTableOp          00000100000242c0 f   exconfig.obj
 0001:00024210       AcpiExUnloadTable          0000010000024610 f   exconfig.obj
 0001:000244c0       AcpiExConvertToInteger     00000100000248c0 f   exconvrt.obj
 0001:00024640       AcpiExConvertToBuffer      0000010000024a40 f   exconvrt.obj
 0001:00024770       AcpiExConvertToString      0000010000024b70 f   exconvrt.obj
 0001:00024a50       AcpiExConvertToTargetType  0000010000024e50 f   exconvrt.obj
 0001:00024e00       AcpiExCreateMutex          0000010000025200 f   excreate.obj
 0001:00024ef0       AcpiExCreateProcessor      00000100000252f0 f   excreate.obj
 0001:00024ff0       AcpiExCreatePowerResource  00000100000253f0 f   excreate.obj
 0001:000250c0       AcpiExCreateRegion         00000100000254c0 f   excreate.obj
 0001:00025230       AcpiExCreateEvent          0000010000025630 f   excreate.obj
 0001:000252e0       AcpiExCreateAlias          00000100000256e0 f   excreate.obj
 0001:00025430       AcpiExCreateMethod         0000010000025830 f   excreate.obj
 0001:00025560       AcpiExDoDebugObject        0000010000025960 f   exdebug.obj
 0001:00025a90       AcpiExReadDataFromField    0000010000025e90 f   exfield.obj
 0001:00025dc0       AcpiExWriteDataToField     00000100000261c0 f   exfield.obj
 0001:00026230       AcpiExWriteWithUpdateRule  0000010000026630 f   exfldio.obj
 0001:000263a0       AcpiExExtractFromField     00000100000267a0 f   exfldio.obj
 0001:000267b0       AcpiExInsertIntoField      0000010000026bb0 f   exfldio.obj
 0001:00026c10       AcpiExAccessRegion         0000010000027010 f   exfldio.obj
 0001:00027350       AcpiExGetObjectReference   0000010000027750 f   exmisc.obj
 0001:000274b0       AcpiExConcatTemplate       00000100000278b0 f   exmisc.obj
 0001:00027610       AcpiExDoConcatenate        0000010000027a10 f   exmisc.obj
 0001:00027910       AcpiExDoLogicalNumericOp   0000010000027d10 f   exmisc.obj
 0001:000279b0       AcpiExDoLogicalOp          0000010000027db0 f   exmisc.obj
 0001:00027c40       AcpiExDoMathOp             0000010000028040 f   exmisc.obj
 0001:00027db0       AcpiExAcquireMutex         00000100000281b0 f   exmutex.obj
 0001:00027f30       AcpiExAcquireMutexObject   0000010000028330 f   exmutex.obj
 0001:00028000       AcpiExReleaseMutex         0000010000028400 f   exmutex.obj
 0001:00028200       AcpiExReleaseMutexObject   0000010000028600 f   exmutex.obj
 0001:000282c0       AcpiExReleaseAllMutexes    00000100000286c0 f   exmutex.obj
 0001:00028390       AcpiExUnlinkMutex          0000010000028790 f   exmutex.obj
 0001:00028490       AcpiExGetNameString        0000010000028890 f   exnames.obj
 0001:00028a30       AcpiExOpcode_0A_0T_1R      0000010000028e30 f   exoparg1.obj
 0001:00028b10       AcpiExOpcode_1A_0T_0R      0000010000028f10 f   exoparg1.obj
 0001:00028cb0       AcpiExOpcode_1A_0T_1R      00000100000290b0 f   exoparg1.obj
 0001:00029610       AcpiExOpcode_1A_1T_1R      0000010000029a10 f   exoparg1.obj
 0001:00029e70       AcpiExOpcode_1A_1T_0R      000001000002a270 f   exoparg1.obj
 0001:00029f20       AcpiExOpcode_2A_0T_0R      000001000002a320 f   exoparg2.obj
 0001:0002a030       AcpiExOpcode_2A_0T_1R      000001000002a430 f   exoparg2.obj
 0001:0002a290       AcpiExOpcode_2A_1T_1R      000001000002a690 f   exoparg2.obj
 0001:0002a910       AcpiExOpcode_2A_2T_1R      000001000002ad10 f   exoparg2.obj
 0001:0002aaf0       AcpiExOpcode_3A_0T_0R      000001000002aef0 f   exoparg3.obj
 0001:0002ac20       AcpiExOpcode_3A_1T_1R      000001000002b020 f   exoparg3.obj
 0001:0002af00       AcpiExOpcode_6A_0T_1R      000001000002b300 f   exoparg6.obj
 0001:0002b360       AcpiExPrepCommonFieldObject 000001000002b760 f   exprep.obj
 0001:0002b420       AcpiExPrepFieldValue       000001000002b820 f   exprep.obj
 0001:0002b960       AcpiExSystemMemorySpaceHandler 000001000002bd60 f   exregion.obj
 0001:0002bce0       AcpiExSystemIoSpaceHandler 000001000002c0e0 f   exregion.obj
 0001:0002bd70       AcpiExPciConfigSpaceHandler 000001000002c170 f   exregion.obj
 0001:0002be30       AcpiExCmosSpaceHandler     000001000002c230 f   exregion.obj
 0001:0002be60       AcpiExPciBarSpaceHandler   000001000002c260 f   exregion.obj
 0001:0002be90       AcpiExDataTableSpaceHandler 000001000002c290 f   exregion.obj
 0001:0002bf10       AcpiExResolveNodeToValue   000001000002c310 f   exresnte.obj
 0001:0002c310       AcpiExResolveToValue       000001000002c710 f   exresolv.obj
 0001:0002c3f0       AcpiExResolveMultiple      000001000002c7f0 f   exresolv.obj
 0001:0002ca80       AcpiExResolveOperands      000001000002ce80 f   exresop.obj
 0001:0002d460       AcpiExStore                000001000002d860 f   exstore.obj
 0001:0002d640       AcpiExStoreObjectToNode    000001000002da40 f   exstore.obj
 0001:0002da60       AcpiExResolveObject        000001000002de60 f   exstoren.obj
 0001:0002dbf0       AcpiExStoreObjectToObject  000001000002dff0 f   exstoren.obj
 0001:0002dda0       AcpiExStoreBufferToBuffer  000001000002e1a0 f   exstorob.obj
 0001:0002ded0       AcpiExStoreStringToString  000001000002e2d0 f   exstorob.obj
 0001:0002e000       AcpiExSystemDoSleep        000001000002e400 f   exsystem.obj
 0001:0002e040       AcpiExSystemDoStall        000001000002e440 f   exsystem.obj
 0001:0002e0a0       AcpiExSystemSignalEvent    000001000002e4a0 f   exsystem.obj
 0001:0002e0e0       AcpiExSystemWaitEvent      000001000002e4e0 f   exsystem.obj
 0001:0002e130       AcpiExSystemResetEvent     000001000002e530 f   exsystem.obj
 0001:0002e190       AcpiExSystemWaitSemaphore  000001000002e590 f   exsystem.obj
 0001:0002e200       AcpiExSystemWaitMutex      000001000002e600 f   exsystem.obj
 0001:0002e270       AcpiExEnterInterpreter     000001000002e670 f   exutils.obj
 0001:0002e2b0       AcpiExExitInterpreter      000001000002e6b0 f   exutils.obj
 0001:0002e2f0       AcpiExTruncateFor32bitTable 000001000002e6f0 f   exutils.obj
 0001:0002e360       AcpiExAcquireGlobalLock    000001000002e760 f   exutils.obj
 0001:0002e3c0       AcpiExReleaseGlobalLock    000001000002e7c0 f   exutils.obj
 0001:0002e420       AcpiExEisaIdToString       000001000002e820 f   exutils.obj
 0001:0002e570       AcpiExIntegerToString      000001000002e970 f   exutils.obj
 0001:0002e600       AcpiExPciClsToString       000001000002ea00 f   exutils.obj
 0001:0002e740       AcpiIsValidSpaceId         000001000002eb40 f   exutils.obj
 0001:0002e7f0       vsscanf                    000001000002ebf0 f   format.obj
 0001:0002ea10       sscanf                     000001000002ee10 f   format.obj
 0001:0002ea70       vsnprintf                  000001000002ee70 f   format.obj
 0001:0002eff0       snprintf                   000001000002f3f0 f   format.obj
 0001:0002f050       myStrtoul                  000001000002f450 f   format.obj
 0001:0002f670       GdtComputeTssDescriptorLowValue 000001000002fa70 f   gdt.obj
 0001:0002f780       GdtComputeTssDescriptorHighValue 000001000002fb80 f   gdt.obj
 0001:0002f7d0       GdtSetupFinalGdt           000001000002fbd0 f   gdt.obj
 0001:0002f950       GdtGetGdtrBaseAddress      000001000002fd50 f   gdt.obj
 0001:0002f960       GdtGetGdtrLimit            000001000002fd60 f   gdt.obj
 0001:0002f970       GdtLoadGdtr                000001000002fd70 f   gdt.obj
 0001:0002f980       AcpiHwSetMode              000001000002fd80 f   hwacpi.obj
 0001:0002fae0       AcpiHwGetMode              000001000002fee0 f   hwacpi.obj
 0001:0002fb50       AcpiHwExecuteSleepMethod   000001000002ff50 f   hwesleep.obj
 0001:0002fbe0       AcpiHwExtendedSleep        000001000002ffe0 f   hwesleep.obj
 0001:0002fcb0       AcpiHwExtendedWakePrep     00000100000300b0 f   hwesleep.obj
 0001:0002fd10       AcpiHwExtendedWake         0000010000030110 f   hwesleep.obj
 0001:0002fd80       AcpiHwGetGpeRegisterBit    0000010000030180 f   hwgpe.obj
 0001:0002fdc0       AcpiHwLowSetGpe            00000100000301c0 f   hwgpe.obj
 0001:0002fee0       AcpiHwDisableGpeBlock      00000100000302e0 f   hwgpe.obj
 0001:0002ff50       AcpiHwClearGpe             0000010000030350 f   hwgpe.obj
 0001:0002ffb0       AcpiHwClearGpeBlock        00000100000303b0 f   hwgpe.obj
 0001:00030030       AcpiHwGetGpeStatus         0000010000030430 f   hwgpe.obj
 0001:00030170       AcpiHwDisableAllGpes       0000010000030570 f   hwgpe.obj
 0001:000301b0       AcpiHwEnableAllRuntimeGpes 00000100000305b0 f   hwgpe.obj
 0001:000301e0       AcpiHwEnableAllWakeupGpes  00000100000305e0 f   hwgpe.obj
 0001:00030210       AcpiHwEnableRuntimeGpeBlock 0000010000030610 f   hwgpe.obj
 0001:00030360       AcpiHwDerivePciId          0000010000030760 f   hwpci.obj
 0001:00030790       AcpiHwValidateRegister     0000010000030b90 f   hwregs.obj
 0001:000308d0       AcpiHwRead                 0000010000030cd0 f   hwregs.obj
 0001:00030980       AcpiHwWrite                0000010000030d80 f   hwregs.obj
 0001:00030a10       AcpiHwGetBitRegisterInfo   0000010000030e10 f   hwregs.obj
 0001:00030a60       AcpiHwWritePm1Control      0000010000030e60 f   hwregs.obj
 0001:00030ac0       AcpiHwRegisterRead         0000010000030ec0 f   hwregs.obj
 0001:00030c30       AcpiHwRegisterWrite        0000010000031030 f   hwregs.obj
 0001:00030df0       AcpiHwClearAcpiStatus      00000100000311f0 f   hwregs.obj
 0001:00030f50       AcpiHwLegacySleep          0000010000031350 f   hwsleep.obj
 0001:00031150       AcpiHwLegacyWakePrep       0000010000031550 f   hwsleep.obj
 0001:00031240       AcpiHwLegacyWake           0000010000031640 f   hwsleep.obj
 0001:00031320       AcpiGetTimerResolution     0000010000031720 f   hwtimer.obj
 0001:00031370       AcpiGetTimer               0000010000031770 f   hwtimer.obj
 0001:000313c0       AcpiGetTimerDuration       00000100000317c0 f   hwtimer.obj
 0001:000314a0       AcpiHwReadPort             00000100000318a0 f   hwvalid.obj
 0001:000315c0       AcpiHwWritePort            00000100000319c0 f   hwvalid.obj
 0001:00031820       AcpiReset                  0000010000031c20 f   hwxface.obj
 0001:000318b0       AcpiRead                   0000010000031cb0 f   hwxface.obj
 0001:000319f0       AcpiWrite                  0000010000031df0 f   hwxface.obj
 0001:00031af0       AcpiReadBitRegister        0000010000031ef0 f   hwxface.obj
 0001:00031b80       AcpiWriteBitRegister       0000010000031f80 f   hwxface.obj
 0001:00031ca0       AcpiGetSleepTypeData       00000100000320a0 f   hwxface.obj
 0001:00031f10       AcpiEnterSleepStatePrep    0000010000032310 f   hwxfsleep.obj
 0001:00032000       AcpiEnterSleepState        0000010000032400 f   hwxfsleep.obj
 0001:00032080       AcpiEnterSleepStateS4bios  0000010000032480 f   hwxfsleep.obj
 0001:00032150       AcpiLeaveSleepStatePrep    0000010000032550 f   hwxfsleep.obj
 0001:00032180       AcpiLeaveSleepState        0000010000032580 f   hwxfsleep.obj
 0001:000321b0       AcpiSetFirmwareWakingVector 00000100000325b0 f   hwxfsleep.obj
 0001:000322e0       IdtSetGate                 00000100000326e0 f   idt.obj
 0001:00032520       IdtInit                    0000010000032920 f   idt.obj
 0001:000325b0       IdtLoad                    00000100000329b0 f   idt.obj
 0001:000325c0       IdtGetIdtrBaseAddress      00000100000329c0 f   idt.obj
 0001:000325f0       IsrCommonHandler           00000100000329f0 f   idt_handler.obj
 0001:000326f0       IncrementNumberOfCpusInVmxMode 0000010000032af0 f   init64.obj
 0001:00032770       DecrementNumberOfCpusInVmxMode 0000010000032b70 f   init64.obj
 0001:00032790       ApInit64                   0000010000032b90 f   init64.obj
 0001:000327a0       BasicInit                  0000010000032ba0 f   init64.obj
 0001:000327e0       LapicGetCpuApicId          0000010000032be0 f   init64.obj
 0001:00032830       LapicCpuIsCurrent          0000010000032c30 f   init64.obj
 0001:00032870       InitCurrentProcessorVmx    0000010000032c70 f   init64.obj
 0001:00032930       Init64                     0000010000032d30 f   init64.obj
 0001:00032b80       inst_lookup                0000010000032f80 f   instructions.obj
 0001:00033510       inst_lookup_3dnow          0000010000033910 f   instructions.obj
 0001:00033bd0       CheckGenuineIntel          0000010000033fd0 f   local_apic.obj
 0001:00033d40       GetInitialApicId           0000010000034140 f   local_apic.obj
 0001:00033d80       IsBsp                      0000010000034180 f   local_apic.obj
 0001:00033dd0       LapicInit                  00000100000341d0 f   local_apic.obj
 0001:00033f50       LapicSetupTrampCode        0000010000034350 f   local_apic.obj
 0001:00034020       LapicSignalAllAPs          0000010000034420 f   local_apic.obj
 0001:000342b0       DummySleepUs               00000100000346b0 f   local_apic.obj
 0001:000342f0       DummySleepMs               00000100000346f0 f   local_apic.obj
 0001:00034320       GetLapicBaseAdress         0000010000034720 f   local_apic.obj
 0001:00034340       LapicSendIpi               0000010000034740 f   local_apic.obj
 0001:00034420       GetVendor                  0000010000034820 f   local_apic.obj
 0001:00034550       MmuInit                    0000010000034950 f   map.obj
 0001:000345e0       MmuCheckIfChunkExists      00000100000349e0 f   map.obj
 0001:00034760       MmuPrintE820MemoryEntries  0000010000034b60 f   map.obj
 0001:00034900       MmuMapToVa                 0000010000034d00 f   map.obj
 0001:000349c0       MmuUnmapFromVa             0000010000034dc0 f   map.obj
 0001:00034a30       MmuAllocVa                 0000010000034e30 f   map.obj
 0001:00034a60       MmuMapToVaInternal         0000010000034e60 f   map.obj
 0001:00034f10       MmuAllocAlignedVa          0000010000035310 f   map.obj
 0001:00034f40       MmuMapMemoryEntriesInEpt   0000010000035340 f   map.obj
 0001:00035040       MmuCreateModifiedE820MemoryMap 0000010000035440 f   map.obj
 0001:00035490       MmuPrintModifiedE820MemoryEntries 0000010000035890 f   map.obj
 0001:00035570       MmuGetEntryPhysicalAddressFromPageTable 0000010000035970 f   map.obj
 0001:00035890       MmuGetModifiedE820MemoryEntry 0000010000035c90 f   map.obj
 0001:00035c10       MmuGetNextAvailableVa      0000010000036010 f   map.obj
 0001:00035cb0       GetCpuMaxPhysicalAddress   00000100000360b0 f i map.obj
 0001:00035d00       memzero                    0000010000036100 f   memzero.obj
 0001:00035f00       MhvVmxResume               0000010000036300 f   mhvvmx.obj
 0001:00035f10       MhvVmxLaunch               0000010000036310 f   mhvvmx.obj
 0001:00035fc0       MhvVmxHardSupported        00000100000363c0 f   mhvvmx.obj
 0001:000360e0       MhvVmxInit                 00000100000364e0 f   mhvvmx.obj
 0001:00036280       MhvPresentHypervisor       0000010000036680 f   mhvvmx.obj
 0001:00036330       VmxEntryRootOpAndCheckFeatures 0000010000036730 f   mhvvmx.obj
 0001:00036780       ControlsInit               0000010000036b80 f   mhvvmx.obj
 0001:000367b0       VmxVmLaunch                0000010000036bb0 f   mhvvmx.obj
 0001:00036800       MhvVmxRead                 0000010000036c00 f i mhvvmx.obj
 0001:00036880       MhvVmxExitHandler          0000010000036c80 f   mhxvmxhandler.obj
 0001:00036910       MhvVmxEntryHandler         0000010000036d10 f   mhxvmxhandler.obj
 0001:00036990       MtrrGetPageMemoryType      0000010000036d90 f   mtrr.obj
 0001:00036b40       MtrrGetCapabilities        0000010000036f40 f   mtrr.obj
 0001:00036c60       MtrrInit                   0000010000037060 f   mtrr.obj
 0001:00036c90       MemoryTypeValueToString    0000010000037090 f   mtrr.obj
 0001:00036e90       CpuidGetFeature            0000010000037290 f i mtrr.obj
 0001:00036ef0       AcpiNsRootInitialize       00000100000372f0 f   nsaccess.obj
 0001:000372c0       AcpiNsLookup               00000100000376c0 f   nsaccess.obj
 0001:00037830       AcpiNsCreateNode           0000010000037c30 f   nsalloc.obj
 0001:00037880       AcpiNsDeleteNode           0000010000037c80 f   nsalloc.obj
 0001:00037930       AcpiNsRemoveNode           0000010000037d30 f   nsalloc.obj
 0001:000379d0       AcpiNsDeleteNamespaceSubtree 0000010000037dd0 f   nsalloc.obj
 0001:00037ac0       AcpiNsDeleteNamespaceByOwner 0000010000037ec0 f   nsalloc.obj
 0001:00037c30       AcpiNsDeleteChildren       0000010000038030 f   nsalloc.obj
 0001:00037cd0       AcpiNsInstallNode          00000100000380d0 f   nsalloc.obj
 0001:00037dd0       AcpiNsCheckArgumentCount   00000100000381d0 f   nsarguments.obj
 0001:00037fa0       AcpiNsCheckAcpiCompliance  00000100000383a0 f   nsarguments.obj
 0001:00038130       AcpiNsCheckArgumentTypes   0000010000038530 f   nsarguments.obj
 0001:00038250       AcpiNsConvertToInteger     0000010000038650 f   nsconvert.obj
 0001:00038360       AcpiNsConvertToString      0000010000038760 f   nsconvert.obj
 0001:00038490       AcpiNsConvertToBuffer      0000010000038890 f   nsconvert.obj
 0001:00038660       AcpiNsConvertToUnicode     0000010000038a60 f   nsconvert.obj
 0001:00038760       AcpiNsConvertToResource    0000010000038b60 f   nsconvert.obj
 0001:00038840       AcpiNsEvaluate             0000010000038c40 f   nseval.obj
 0001:00038c30       AcpiNsExecModuleCodeList   0000010000039030 f   nseval.obj
 0001:00038e40       AcpiNsInitializeObjects    0000010000039240 f   nsinit.obj
 0001:00038ed0       AcpiNsInitializeDevices    00000100000392d0 f   nsinit.obj
 0001:00039530       AcpiNsLoadTable            0000010000039930 f   nsload.obj
 0001:000395f0       AcpiNsBuildExternalPath    00000100000399f0 f   nsnames.obj
 0001:00039740       AcpiNsGetExternalPathname  0000010000039b40 f   nsnames.obj
 0001:000397e0       AcpiNsHandleToPathname     0000010000039be0 f   nsnames.obj
 0001:00039880       AcpiNsGetPathnameLength    0000010000039c80 f   nsnames.obj
 0001:00039920       AcpiNsDetachObject         0000010000039d20 f   nsobject.obj
 0001:00039a20       AcpiNsAttachObject         0000010000039e20 f   nsobject.obj
 0001:00039be0       AcpiNsGetAttachedObject    0000010000039fe0 f   nsobject.obj
 0001:00039c70       AcpiNsGetSecondaryObject   000001000003a070 f   nsobject.obj
 0001:00039cc0       AcpiNsAttachData           000001000003a0c0 f   nsobject.obj
 0001:00039db0       AcpiNsDetachData           000001000003a1b0 f   nsobject.obj
 0001:00039e60       AcpiNsGetAttachedData      000001000003a260 f   nsobject.obj
 0001:00039ed0       AcpiNsParseTable           000001000003a2d0 f   nsparse.obj
 0001:00039f40       AcpiNsOneCompleteParse     000001000003a340 f   nsparse.obj
 0001:0003a110       AcpiNsCheckReturnValue     000001000003a510 f   nspredef.obj
 0001:0003a270       AcpiNsCheckObjectType      000001000003a670 f   nspredef.obj
 0001:0003a600       AcpiNsCheckPackage         000001000003aa00 f   nsprepkg.obj
 0001:0003b220       AcpiNsSimpleRepair         000001000003b620 f   nsrepair.obj
 0001:0003b520       AcpiNsWrapWithPackage      000001000003b920 f   nsrepair.obj
 0001:0003b5a0       AcpiNsRepairNullElement    000001000003b9a0 f   nsrepair.obj
 0001:0003b680       AcpiNsRemoveNullElements   000001000003ba80 f   nsrepair.obj
 0001:0003b7f0       AcpiNsComplexRepairs       000001000003bbf0 f   nsrepair2.obj
 0001:0003c600       AcpiNsSearchAndEnter       000001000003ca00 f   nssearch.obj
 0001:0003c820       AcpiNsSearchOneScope       000001000003cc20 f   nssearch.obj
 0001:0003c950       AcpiNsOpensScope           000001000003cd50 f   nsutils.obj
 0001:0003c9a0       AcpiNsGetNode              000001000003cda0 f   nsutils.obj
 0001:0003cb00       AcpiNsGetType              000001000003cf00 f   nsutils.obj
 0001:0003cb50       AcpiNsLocal                000001000003cf50 f   nsutils.obj
 0001:0003cbb0       AcpiNsPrintNodePathname    000001000003cfb0 f   nsutils.obj
 0001:0003cc40       AcpiNsBuildInternalName    000001000003d040 f   nsutils.obj
 0001:0003cee0       AcpiNsGetInternalNameLength 000001000003d2e0 f   nsutils.obj
 0001:0003d020       AcpiNsInternalizeName      000001000003d420 f   nsutils.obj
 0001:0003d0d0       AcpiNsExternalizeName      000001000003d4d0 f   nsutils.obj
 0001:0003d3d0       AcpiNsValidateHandle       000001000003d7d0 f   nsutils.obj
 0001:0003d410       AcpiNsTerminate            000001000003d810 f   nsutils.obj
 0001:0003d460       AcpiNsWalkNamespace        000001000003d860 f   nswalk.obj
 0001:0003d6e0       AcpiNsGetNextNode          000001000003dae0 f   nswalk.obj
 0001:0003d710       AcpiNsGetNextNodeTyped     000001000003db10 f   nswalk.obj
 0001:0003d790       AcpiWalkNamespace          000001000003db90 f   nsxfeval.obj
 0001:0003d8a0       AcpiGetDevices             000001000003dca0 f   nsxfeval.obj
 0001:0003d970       AcpiAttachData             000001000003dd70 f   nsxfeval.obj
 0001:0003da10       AcpiDetachData             000001000003de10 f   nsxfeval.obj
 0001:0003daa0       AcpiGetData                000001000003dea0 f   nsxfeval.obj
 0001:0003db40       AcpiEvaluateObject         000001000003df40 f   nsxfeval.obj
 0001:0003de70       AcpiEvaluateObjectTyped    000001000003e270 f   nsxfeval.obj
 0001:0003e280       AcpiGetName                000001000003e680 f   nsxfname.obj
 0001:0003e3a0       AcpiGetHandle              000001000003e7a0 f   nsxfname.obj
 0001:0003e4a0       AcpiGetObjectInfo          000001000003e8a0 f   nsxfname.obj
 0001:0003ea70       AcpiInstallMethod          000001000003ee70 f   nsxfname.obj
 0001:0003edc0       AcpiGetNextObject          000001000003f1c0 f   nsxfobj.obj
 0001:0003eec0       AcpiGetType                000001000003f2c0 f   nsxfobj.obj
 0001:0003ef70       AcpiGetParent              000001000003f370 f   nsxfobj.obj
 0001:0003f020       operands_extract           000001000003f420 f   operands.obj
 0001:00042720       PciBDFEqualsReservedSerialPort 0000010000042b20 f   pcci.obj
 0001:000427a0       PciEcamRestrictAccessOnReservedSerialPort 0000010000042ba0 f   pcci.obj
 0001:000428b0       PciSearchDevice            0000010000042cb0 f   pcci.obj
 0001:00042ac0       PciGetReservedSerialPortEcamPa 0000010000042ec0 f   pcci.obj
 0001:00042b40       PciGetEcamFunctionPa       0000010000042f40 f i pcci.obj
 0001:00042b90       PciInit                    0000010000042f90 f   pci.obj
 0001:00042c70       SerialPut                  0000010000043070 f   pci.obj
 0001:00042ca0       SerialWrite                00000100000430a0 f   pci.obj
 0001:00042d40       InitSerial                 0000010000043140 f   pci.obj
 0001:00042df0       isTransmitEmpty            00000100000431f0 f   pci.obj
 0001:00042ef0       PitInit                    00000100000432f0 f   pit.obj
 0001:00042f30       PitWait                    0000010000043330 f   pit.obj
 0001:00042f70       prefixes_is_valid          0000010000043370 f   prefix.obj
 0001:00043140       prefixes_ignore            0000010000043540 f   prefix.obj
 0001:000431a0       prefixes_ignore_all        00000100000435a0 f   prefix.obj
 0001:000431e0       prefixes_set_unused_mask   00000100000435e0 f   prefix.obj
 0001:000432a0       prefixes_decode            00000100000436a0 f   prefix.obj
 0001:000438f0       prefixes_use_segment       0000010000043cf0 f   prefix.obj
 0001:00043a80       prefixes_track_unused      0000010000043e80 f i prefix.obj
 0001:00043ac0       putc                       0000010000043ec0 f   print.obj
 0001:00043ae0       Puts                       0000010000043ee0 f   print.obj
 0001:00043b00       Init                       0000010000043f00 f   print.obj
 0001:00043b50       InitSerOrVid               0000010000043f50 f   print.obj
 0001:00043b90       InitOnlyCons               0000010000043f90 f   print.obj
 0001:00043bc0       PrintSpinlockAquaire       0000010000043fc0 f   print.obj
 0001:00043be0       PrintSpinlockRelease       0000010000043fe0 f   print.obj
 0001:00043c00       AquireLock                 0000010000044000 f   print.obj
 0001:00043c20       ReleaseLock                0000010000044020 f   print.obj
 0001:00043c40       InitOnlySer                0000010000044040 f   print.obj
 0001:00043c60       AcpiPsGetNextPackageEnd    0000010000044060 f   psargs.obj
 0001:00043ca0       AcpiPsGetNextNamestring    00000100000440a0 f   psargs.obj
 0001:00043da0       AcpiPsGetNextSimpleArg     00000100000441a0 f   psargs.obj
 0001:00043fa0       AcpiPsGetNextNamepath      00000100000443a0 f   psargs.obj
 0001:00044280       AcpiPsGetNextArg           0000010000044680 f   psargs.obj
 0001:00044ba0       AcpiPsParseLoop            0000010000044fa0 f   psloop.obj
 0001:00045610       AcpiPsBuildNamedOp         0000010000045a10 f   psobject.obj
 0001:00045830       AcpiPsCreateOp             0000010000045c30 f   psobject.obj
 0001:00045ab0       AcpiPsCompleteOp           0000010000045eb0 f   psobject.obj
 0001:00045f40       AcpiPsCompleteFinalOp      0000010000046340 f   psobject.obj
 0001:000462a0       AcpiPsGetOpcodeInfo        00000100000466a0 f   psopinfo.obj
 0001:00046340       AcpiPsGetOpcodeName        0000010000046740 f   psopinfo.obj
 0001:00046360       AcpiPsGetArgumentCount     0000010000046760 f   psopinfo.obj
 0001:00046380       AcpiPsParseAml             0000010000046780 f   psparse.obj
 0001:000467a0       AcpiPsGetOpcodeSize        0000010000046ba0 f   psparse.obj
 0001:000467d0       AcpiPsPeekOpcode           0000010000046bd0 f   psparse.obj
 0001:00046830       AcpiPsCompleteThisOp       0000010000046c30 f   psparse.obj
 0001:00046bb0       AcpiPsNextParseState       0000010000046fb0 f   psparse.obj
 0001:00046da0       AcpiPsInitScope            00000100000471a0 f   psscope.obj
 0001:00046e40       AcpiPsGetParentScope       0000010000047240 f   psscope.obj
 0001:00046e60       AcpiPsHasCompletedScope    0000010000047260 f   psscope.obj
 0001:00046eb0       AcpiPsPopScope             00000100000472b0 f   psscope.obj
 0001:00046f80       AcpiPsPushScope            0000010000047380 f   psscope.obj
 0001:00047040       AcpiPsCleanupScope         0000010000047440 f   psscope.obj
 0001:00047090       AcpiPsAppendArg            0000010000047490 f   pstree.obj
 0001:000471b0       AcpiPsGetArg               00000100000475b0 f   pstree.obj
 0001:00047250       AcpiPsGetDepthNext         0000010000047650 f   pstree.obj
 0001:00047360       AcpiPsCreateScopeOp        0000010000047760 f   psutils.obj
 0001:000473a0       AcpiPsInitOp               00000100000477a0 f   psutils.obj
 0001:000473d0       AcpiPsAllocOp              00000100000477d0 f   psutils.obj
 0001:00047490       AcpiPsFreeOp               0000010000047890 f   psutils.obj
 0001:000474f0       AcpiPsIsLeadingChar        00000100000478f0 f   psutils.obj
 0001:00047530       AcpiPsGetName              0000010000047930 f   psutils.obj
 0001:00047560       AcpiPsSetName              0000010000047960 f   psutils.obj
 0001:00047590       AcpiPsDeleteParseTree      0000010000047990 f   pswalk.obj
 0001:00047650       AcpiDebugTrace             0000010000047a50 f   psxface.obj
 0001:000476e0       AcpiPsExecuteMethod        0000010000047ae0 f   psxface.obj
 0001:00047b20       PciDeviceName              0000010000047f20 f   registry.obj
 0001:00047b40       PciClassName               0000010000047f40 f   registry.obj
 0001:00048600       AcpiRsSetAddressCommon     0000010000048a00 f   rsaddr.obj
 0001:00048690       AcpiRsGetAddressCommon     0000010000048a90 f   rsaddr.obj
 0001:00048740       AcpiRsGetListLength        0000010000048b40 f   rscalc.obj
 0001:00048ae0       AcpiRsGetAmlLength         0000010000048ee0 f   rscalc.obj
 0001:00048de0       AcpiRsGetPciRoutingTableLength 00000100000491e0 f   rscalc.obj
 0001:00049070       AcpiBufferToResource       0000010000049470 f   rscreate.obj
 0001:00049160       AcpiRsCreateResourceList   0000010000049560 f   rscreate.obj
 0001:00049230       AcpiRsCreateAmlResources   0000010000049630 f   rscreate.obj
 0001:000492d0       AcpiRsCreatePciRoutingTable 00000100000496d0 f   rscreate.obj
 0001:00049740       AcpiRsConvertAmlToResources 0000010000049b40 f   rslist.obj
 0001:000498b0       AcpiRsConvertResourcesToAml 0000010000049cb0 f   rslist.obj
 0001:00049aa0       AcpiRsConvertAmlToResource 0000010000049ea0 f   rsmisc.obj
 0001:0004a560       AcpiRsConvertResourceToAml 000001000004a960 f   rsmisc.obj
 0001:0004ad40       AcpiRsGetPrtMethodData     000001000004b140 f   rsutils.obj
 0001:0004adb0       AcpiRsGetCrsMethodData     000001000004b1b0 f   rsutils.obj
 0001:0004ae20       AcpiRsGetPrsMethodData     000001000004b220 f   rsutils.obj
 0001:0004ae90       AcpiRsGetMethodData        000001000004b290 f   rsutils.obj
 0001:0004af00       AcpiRsSetSrsMethodData     000001000004b300 f   rsutils.obj
 0001:0004b070       AcpiRsGetAeiMethodData     000001000004b470 f   rsutils.obj
 0001:0004b0e0       AcpiRsMoveData             000001000004b4e0 f   rsutils.obj
 0001:0004b200       AcpiRsDecodeBitmask        000001000004b600 f   rsutils.obj
 0001:0004b280       AcpiRsEncodeBitmask        000001000004b680 f   rsutils.obj
 0001:0004b2f0       AcpiRsGetResourceSource    000001000004b6f0 f   rsutils.obj
 0001:0004b430       AcpiRsSetResourceSource    000001000004b830 f   rsutils.obj
 0001:0004b4d0       AcpiRsSetResourceHeader    000001000004b8d0 f   rsutils.obj
 0001:0004b510       AcpiRsSetResourceLength    000001000004b910 f   rsutils.obj
 0001:0004b5f0       AcpiGetVendorResource      000001000004b9f0 f   rsxface.obj
 0001:0004b680       AcpiGetCurrentResources    000001000004ba80 f   rsxface.obj
 0001:0004b6e0       AcpiGetPossibleResources   000001000004bae0 f   rsxface.obj
 0001:0004b740       AcpiGetEventResources      000001000004bb40 f   rsxface.obj
 0001:0004b7a0       AcpiWalkResourceBuffer     000001000004bba0 f   rsxface.obj
 0001:0004b8a0       AcpiWalkResources          000001000004bca0 f   rsxface.obj
 0001:0004b970       AcpiSetCurrentResources    000001000004bd70 f   rsxface.obj
 0001:0004b9f0       AcpiGetIrqRoutingTable     000001000004bdf0 f   rsxface.obj
 0001:0004ba50       AcpiResourceToAddress64    000001000004be50 f   rsxface.obj
 0001:0004be40       Sleep                      000001000004c240 f   sleep.obj
 0001:0004be60       LockInit                   000001000004c260 f   spinlock.obj
 0001:0004be90       Lock                       000001000004c290 f   spinlock.obj
 0001:0004bed0       Unlock                     000001000004c2d0 f   spinlock.obj
 0001:0004bee0       Rpl_vsnprintf              000001000004c2e0 f   ssnprintf.obj
 0001:0004d8c0       mMmemset                   000001000004dcc0 f   sstring.obj
 0001:0004d930       mMmemcpy                   000001000004dd30 f   sstring.obj
 0001:0004d9b0       mmemmove                   000001000004ddb0 f   sstring.obj
 0001:0004daa0       mmemchr                    000001000004dea0 f   sstring.obj
 0001:0004db10       mMmemcmp                   000001000004df10 f   sstring.obj
 0001:0004dba0       sMstrlen                   000001000004dfa0 f   sstring.obj
 0001:0004dc00       sMstrcpy                   000001000004e000 f   sstring.obj
 0001:0004dc80       sstrncpy                   000001000004e080 f   sstring.obj
 0001:0004dd30       sMstrcmp                   000001000004e130 f   sstring.obj
 0001:0004dda0       sMstrcpy_safe              000001000004e1a0 f   sstring.obj
 0001:0004de40       CustomStrcpy               000001000004e240 f   string.obj
 0001:0004deb0       CustomStrcat               000001000004e2b0 f   string.obj
 0001:0004df30       CustomStrncat              000001000004e330 f   string.obj
 0001:0004dff0       CustomStrlen               000001000004e3f0 f   string.obj
 0001:0004e1c0       CustomStrcatC              000001000004e5c0 f   string.obj
 0001:0004e220       AcpiTbGetNextTableDescriptor 000001000004e620 f   tbdata.obj
 0001:0004e2b0       AcpiTbInitTableDescriptor  000001000004e6b0 f   tbdata.obj
 0001:0004e320       AcpiTbAcquireTempTable     000001000004e720 f   tbdata.obj
 0001:0004e3f0       AcpiTbReleaseTempTable     000001000004e7f0 f   tbdata.obj
 0001:0004e410       AcpiTbValidateTempTable    000001000004e810 f   tbdata.obj
 0001:0004e460       AcpiTbVerifyTempTable      000001000004e860 f   tbdata.obj
 0001:0004e5b0       AcpiTbIsTableLoaded        000001000004e9b0 f   tbdata.obj
 0001:0004e610       AcpiTbSetTableLoadedFlag   000001000004ea10 f   tbdata.obj
 0001:0004e6b0       AcpiTbResizeRootTableList  000001000004eab0 f   tbdata.obj
 0001:0004e7c0       AcpiTbValidateTable        000001000004ebc0 f   tbdata.obj
 0001:0004e830       AcpiTbInvalidateTable      000001000004ec30 f   tbdata.obj
 0001:0004e880       AcpiTbAcquireTable         000001000004ec80 f   tbdata.obj
 0001:0004e940       AcpiTbReleaseTable         000001000004ed40 f   tbdata.obj
 0001:0004e990       AcpiTbTerminate            000001000004ed90 f   tbdata.obj
 0001:0004ea30       AcpiTbDeleteNamespaceByOwner 000001000004ee30 f   tbdata.obj
 0001:0004eaf0       AcpiTbAllocateOwnerId      000001000004eef0 f   tbdata.obj
 0001:0004eb50       AcpiTbReleaseOwnerId       000001000004ef50 f   tbdata.obj
 0001:0004ebc0       AcpiTbGetOwnerId           000001000004efc0 f   tbdata.obj
 0001:0004ec30       AcpiTbParseFadt            000001000004f030 f   tbfadt.obj
 0001:0004ed20       AcpiTbCreateLocalFadt      000001000004f120 f   tbfadt.obj
 0001:0004f520       AcpiTbFindTable            000001000004f920 f   tbfind.obj
 0001:0004f710       AcpiTbOverrideTable        000001000004fb10 f   tbinstal.obj
 0001:0004f8a0       AcpiTbInstallStandardTable 000001000004fca0 f   tbinstal.obj
 0001:0004fb10       AcpiTbUninstallTable       000001000004ff10 f   tbinstal.obj
 0001:0004fb70       AcpiTbInstallTableWithOverride 000001000004ff70 f   tbinstal.obj
 0001:0004fc20       AcpiTbInstallFixedTable    0000010000050020 f   tbinstal.obj
 0001:0004fdc0       AcpiTbPrintTableHeader     00000100000501c0 f   tbprint.obj
 0001:0004ffe0       AcpiTbChecksum             00000100000503e0 f   tbprint.obj
 0001:00050040       AcpiTbVerifyChecksum       0000010000050440 f   tbprint.obj
 0001:000501c0       AcpiTbInitializeFacs       00000100000505c0 f   tbutils.obj
 0001:00050260       AcpiTbTablesLoaded         0000010000050660 f   tbutils.obj
 0001:00050280       AcpiTbCheckDsdtHeader      0000010000050680 f   tbutils.obj
 0001:00050310       AcpiTbCopyDsdt             0000010000050710 f   tbutils.obj
 0001:00050400       AcpiTbParseRootTable       0000010000050800 f   tbutils.obj
 0001:000506c0       AcpiInitializeTables       0000010000050ac0 f   tbxface.obj
 0001:00050860       AcpiReallocateRootTable    0000010000050c60 f   tbxface.obj
 0001:000508d0       AcpiGetTableHeader         0000010000050cd0 f   tbxface.obj
 0001:00050a30       AcpiGetTable               0000010000050e30 f   tbxface.obj
 0001:00050b20       AcpiGetTableByIndex        0000010000050f20 f   tbxface.obj
 0001:00050bf0       AcpiInstallTableHandler    0000010000050ff0 f   tbxface.obj
 0001:00050c70       AcpiRemoveTableHandler     0000010000051070 f   tbxface.obj
 0001:00050ce0       AcpiAllocateRootTable      00000100000510e0 f   tbxface.obj
 0001:00050d10       AcpiInstallTable           0000010000051110 f   tbxfload.obj
 0001:00050d70       AcpiLoadTable              0000010000051170 f   tbxfload.obj
 0001:00050e70       AcpiUnloadParentTable      0000010000051270 f   tbxfload.obj
 0001:00050fe0       AcpiLoadTables             00000100000513e0 f   tbxfload.obj
 0001:00051220       AcpiFindRootPointer        0000010000051620 f   tbxfroot.obj
 0001:00051460       AcpiTbGetRsdpLength        0000010000051860 f   tbxfroot.obj
 0001:000514c0       AcpiTbValidateRsdp         00000100000518c0 f   tbxfroot.obj
 0001:00051550       AcpiTbScanMemoryForRsdp    0000010000051950 f   tbxfroot.obj
 0001:000515c0       str_hex_b                  00000100000519c0 f   textdefs.obj
 0001:00051620       str_code_hb                0000010000051a20 f   textdefs.obj
 0001:000516c0       str_code_hdw               0000010000051ac0 f   textdefs.obj
 0001:000517f0       str_code_hqw               0000010000051bf0 f   textdefs.obj
 0001:000519a0       str_off64                  0000010000051da0 f   textdefs.obj
 0001:00051ae0       SplitTime                  0000010000051ee0 f   time.obj
 0001:00051cc0       JoinTime                   00000100000520c0 f   time.obj
 0001:00051d90       FormatTime                 0000010000052190 f   time.obj
 0001:00051ed0       TssInstallStack            00000100000522d0 f   tss.obj
 0001:00051f30       TssInstallStacks           0000010000052330 f   tss.obj
 0001:00051f60       AcpiUtAddAddressRange      0000010000052360 f   utaddress.obj
 0001:00052050       AcpiUtRemoveAddressRange   0000010000052450 f   utaddress.obj
 0001:00052120       AcpiUtCheckAddressRange    0000010000052520 f   utaddress.obj
 0001:00052320       AcpiUtDeleteAddressLists   0000010000052720 f   utaddress.obj
 0001:000523a0       AcpiOsAllocateZeroed       00000100000527a0 f   utalloc.obj
 0001:000523f0       AcpiUtCreateCaches         00000100000527f0 f   utalloc.obj
 0001:000524f0       AcpiUtDeleteCaches         00000100000528f0 f   utalloc.obj
 0001:00052580       AcpiUtValidateBuffer       0000010000052980 f   utalloc.obj
 0001:000525e0       AcpiUtInitializeBuffer     00000100000529e0 f   utalloc.obj
 0001:000526c0       AcpiUtDebugDumpBuffer      0000010000052ac0 f   utbuffer.obj
 0001:00052720       AcpiUtDumpBuffer           0000010000052b20 f   utbuffer.obj
 0001:000529b0       Mstrcat                    0000010000052db0 f   utclib.obj
 0001:00052a50       strchr                     0000010000052e50 f   utclib.obj
 0001:00052aa0       Mstrcpy                    0000010000052ea0 f   utclib.obj
 0001:00052b10       Mstrcmp                    0000010000052f10 f   utclib.obj
 0001:00052b90       Mstrlen                    0000010000052f90 f   utclib.obj
 0001:00052be0       strncat                    0000010000052fe0 f   utclib.obj
 0001:00052cb0       strncmp                    00000100000530b0 f   utclib.obj
 0001:00052d60       strncpy                    0000010000053160 f   utclib.obj
 0001:00052e20       strstr                     0000010000053220 f   utclib.obj
 0001:00052ea0       strtoul                    00000100000532a0 f   utclib.obj
 0001:00053180       Mmemcmp                    0000010000053580 f   utclib.obj
 0001:00053230       Mmemcpy                    0000010000053630 f   utclib.obj
 0001:000532b0       Mmemset                    00000100000536b0 f   utclib.obj
 0001:00053310       tolower                    0000010000053710 f   utclib.obj
 0001:00053350       toupper                    0000010000053750 f   utclib.obj
 0001:00053390       AcpiUtCopyIobjectToEobject 0000010000053790 f   utcopy.obj
 0001:00053420       AcpiUtCopyEobjectToIobject 0000010000053820 f   utcopy.obj
 0001:00053470       AcpiUtCopyIobjectToIobject 0000010000053870 f   utcopy.obj
 0001:000541f0       AcpiUtGetTypeName          00000100000545f0 f   utdecode.obj
 0001:00054220       AcpiUtGetNodeName          0000010000054620 f   utdecode.obj
 0001:000542a0       AcpiUtGetDescriptorName    00000100000546a0 f   utdecode.obj
 0001:000542f0       AcpiUtGetReferenceName     00000100000546f0 f   utdecode.obj
 0001:00054370       AcpiUtGetObjectTypeName    0000010000054770 f   utdecode.obj
 0001:000543b0       AcpiUtGetRegionName        00000100000547b0 f   utdecode.obj
 0001:00054420       AcpiUtGetEventName         0000010000054820 f   utdecode.obj
 0001:00054450       AcpiUtValidObjectType      0000010000054850 f   utdecode.obj
 0001:00054470       AcpiUtUpdateObjectReference 0000010000054870 f   utdelete.obj
 0001:000547d0       AcpiUtAddReference         0000010000054bd0 f   utdelete.obj
 0001:00054810       AcpiUtRemoveReference      0000010000054c10 f   utdelete.obj
 0001:00054860       AcpiUtDeleteInternalObjectList 0000010000054c60 f   utdelete.obj
 0001:00054e30       AcpiUtPredefinedWarning    0000010000055230 f   uterror.obj
 0001:00054eb0       AcpiUtPredefinedInfo       00000100000552b0 f   uterror.obj
 0001:00054f30       AcpiUtPredefinedBiosError  0000010000055330 f   uterror.obj
 0001:00054fb0       AcpiUtNamespaceError       00000100000553b0 f   uterror.obj
 0001:000550d0       AcpiUtMethodError          00000100000554d0 f   uterror.obj
 0001:000551b0       AcpiUtEvaluateObject       00000100000555b0 f   uteval.obj
 0001:000553f0       AcpiUtEvaluateNumericObject 00000100000557f0 f   uteval.obj
 0001:00055460       AcpiUtExecute_STA          0000010000055860 f   uteval.obj
 0001:000554e0       AcpiUtExecutePowerMethods  00000100000558e0 f   uteval.obj
 0001:000555a0       AcpiFormatException        00000100000559a0 f   utexcep.obj
 0001:00055600       AcpiUtValidateException    0000010000055a00 f   utexcep.obj
 0001:00055710       AcpiUtHexToAsciiChar       0000010000055b10 f   uthex.obj
 0001:00055740       AcpiUtAsciiCharToHex       0000010000055b40 f   uthex.obj
 0001:00055770       AcpiUtExecute_HID          0000010000055b70 f   utids.obj
 0001:00055880       AcpiUtExecute_UID          0000010000055c80 f   utids.obj
 0001:00055990       AcpiUtExecute_SUB          0000010000055d90 f   utids.obj
 0001:00055a60       AcpiUtExecute_CID          0000010000055e60 f   utids.obj
 0001:00055cd0       AcpiUtExecute_CLS          00000100000560d0 f   utids.obj
 0001:00055ea0       AcpiUtInitGlobals          00000100000562a0 f   utinit.obj
 0001:000561c0       AcpiUtSubsystemShutdown    00000100000565c0 f   utinit.obj
 0001:000562b0       AcpiUtCreateRwLock         00000100000566b0 f   utlock.obj
 0001:00056320       AcpiUtDeleteRwLock         0000010000056720 f   utlock.obj
 0001:00056380       AcpiUtAcquireReadLock      0000010000056780 f   utlock.obj
 0001:00056410       AcpiUtReleaseReadLock      0000010000056810 f   utlock.obj
 0001:000564a0       AcpiUtAcquireWriteLock     00000100000568a0 f   utlock.obj
 0001:000564e0       AcpiUtReleaseWriteLock     00000100000568e0 f   utlock.obj
 0001:00056500       AcpiUtDivide               0000010000056900 f   utmath.obj
 0001:00056590       AcpiUtShortDivide          0000010000056990 f   utmath.obj
 0001:00056630       AcpiUtCreateUpdateStateAndPush 0000010000056a30 f   utmisc.obj
 0001:00056690       AcpiUtIsPciRootBridge      0000010000056a90 f   utmisc.obj
 0001:000566e0       AcpiUtWalkPackageTree      0000010000056ae0 f   utmisc.obj
 0001:000568c0       AcpiUtDwordByteSwap        0000010000056cc0 f   utmisc.obj
 0001:00056950       AcpiUtSetIntegerWidth      0000010000056d50 f   utmisc.obj
 0001:00056990       AcpiUtMutexInitialize      0000010000056d90 f   utmutex.obj
 0001:00056a70       AcpiUtMutexTerminate       0000010000056e70 f   utmutex.obj
 0001:00056af0       AcpiUtAcquireMutex         0000010000056ef0 f   utmutex.obj
 0001:00056bc0       AcpiUtReleaseMutex         0000010000056fc0 f   utmutex.obj
 0001:00056d50       AcpiUtCreateInternalObjectDbg 0000010000057150 f   utobject.obj
 0001:00056e30       AcpiUtAllocateObjectDescDbg 0000010000057230 f   utobject.obj
 0001:00056e90       AcpiUtDeleteObjectDesc     0000010000057290 f   utobject.obj
 0001:00056f00       AcpiUtValidInternalObject  0000010000057300 f   utobject.obj
 0001:00056f40       AcpiUtCreatePackageObject  0000010000057340 f   utobject.obj
 0001:00056fd0       AcpiUtCreateIntegerObject  00000100000573d0 f   utobject.obj
 0001:00057030       AcpiUtCreateBufferObject   0000010000057430 f   utobject.obj
 0001:00057100       AcpiUtCreateStringObject   0000010000057500 f   utobject.obj
 0001:000571b0       AcpiUtGetObjectSize        00000100000575b0 f   utobject.obj
 0001:00057580       AcpiUtInitializeInterfaces 0000010000057980 f   utosi.obj
 0001:00057630       AcpiUtInterfaceTerminate   0000010000057a30 f   utosi.obj
 0001:00057720       AcpiUtInstallInterface     0000010000057b20 f   utosi.obj
 0001:000577d0       AcpiUtRemoveInterface      0000010000057bd0 f   utosi.obj
 0001:000578d0       AcpiUtUpdateInterfaces     0000010000057cd0 f   utosi.obj
 0001:00057970       AcpiUtGetInterface         0000010000057d70 f   utosi.obj
 0001:000579d0       AcpiUtOsiImplementation    0000010000057dd0 f   utosi.obj
 0001:00057b40       AcpiUtAllocateOwnerId      0000010000057f40 f   utownerid.obj
 0001:00057d10       AcpiUtReleaseOwnerId       0000010000058110 f   utownerid.obj
 0001:00057e20       AcpiUtGetNextPredefinedMethod 0000010000058220 f   utpredef.obj
 0001:00057e70       AcpiUtMatchPredefinedMethod 0000010000058270 f   utpredef.obj
 0001:00057ef0       AcpiUtGetExpectedReturnTypes 00000100000582f0 f   utpredef.obj
 0001:00057fb0       AcpiUtScanNumber           00000100000583b0 f   utprint.obj
 0001:00058030       AcpiUtPrintNumber          0000010000058430 f   utprint.obj
 0001:000580c0       AcpiUtVsnprintf            00000100000584c0 f   utprint.obj
 0001:000589b0       AcpiUtSnprintf             0000010000058db0 f   utprint.obj
 0001:00058fb0       AcpiUtWalkAmlResources     00000100000593b0 f   utresrc.obj
 0001:00059160       AcpiUtValidateResource     0000010000059560 f   utresrc.obj
 0001:00059370       AcpiUtGetDescriptorLength  0000010000059770 f   utresrc.obj
 0001:000593b0       AcpiUtGetResourceLength    00000100000597b0 f   utresrc.obj
 0001:00059400       AcpiUtGetResourceHeaderLength 0000010000059800 f   utresrc.obj
 0001:00059430       AcpiUtGetResourceType      0000010000059830 f   utresrc.obj
 0001:00059470       AcpiUtGetResourceEndTag    0000010000059870 f   utresrc.obj
 0001:000594e0       AcpiUtPushGenericState     00000100000598e0 f   utstate.obj
 0001:00059510       AcpiUtPopGenericState      0000010000059910 f   utstate.obj
 0001:00059550       AcpiUtCreateGenericState   0000010000059950 f   utstate.obj
 0001:00059590       AcpiUtCreateThreadState    0000010000059990 f   utstate.obj
 0001:00059610       AcpiUtCreateUpdateState    0000010000059a10 f   utstate.obj
 0001:00059670       AcpiUtCreatePkgState       0000010000059a70 f   utstate.obj
 0001:000596f0       AcpiUtCreateControlState   0000010000059af0 f   utstate.obj
 0001:00059740       AcpiUtDeleteGenericState   0000010000059b40 f   utstate.obj
 0001:00059770       AcpiUtStrupr               0000010000059b70 f   utstring.obj
 0001:000597d0       AcpiUtStrtoul64            0000010000059bd0 f   utstring.obj
 0001:00059b30       AcpiUtPrintString          0000010000059f30 f   utstring.obj
 0001:00059d90       AcpiUtValidAcpiName        000001000005a190 f   utstring.obj
 0001:00059df0       AcpiUtValidAcpiChar        000001000005a1f0 f   utstring.obj
 0001:00059e50       AcpiUtRepairName           000001000005a250 f   utstring.obj
 0001:00059f00       AcpiTerminate              000001000005a300 f   utxface.obj
 0001:00059f60       AcpiSubsystemStatus        000001000005a360 f   utxface.obj
 0001:00059f80       AcpiGetSystemInfo          000001000005a380 f   utxface.obj
 0001:0005a060       AcpiGetStatistics          000001000005a460 f   utxface.obj
 0001:0005a0d0       AcpiPurgeCachedObjects     000001000005a4d0 f   utxface.obj
 0001:0005a120       AcpiInstallInterface       000001000005a520 f   utxface.obj
 0001:0005a1f0       AcpiRemoveInterface        000001000005a5f0 f   utxface.obj
 0001:0005a270       AcpiUpdateInterfaces       000001000005a670 f   utxface.obj
 0001:0005a2d0       AcpiCheckAddressRange      000001000005a6d0 f   utxface.obj
 0001:0005a340       AcpiDecodePldBuffer        000001000005a740 f   utxface.obj
 0001:0005a620       AcpiInstallInitializationHandler 000001000005aa20 f   utxface.obj
 0001:0005a660       AcpiInstallInterfaceHandler 000001000005aa60 f   utxface.obj
 0001:0005a6e0       AcpiError                  000001000005aae0 f   utxferror.obj
 0001:0005a790       AcpiException              000001000005ab90 f   utxferror.obj
 0001:0005a820       AcpiWarning                000001000005ac20 f   utxferror.obj
 0001:0005a890       AcpiInfo                   000001000005ac90 f   utxferror.obj
 0001:0005a8f0       AcpiBiosError              000001000005acf0 f   utxferror.obj
 0001:0005a960       AcpiBiosWarning            000001000005ad60 f   utxferror.obj
 0001:0005a9d0       AcpiInitializeSubsystem    000001000005add0 f   utxfinit.obj
 0001:0005aaf0       AcpiEnableSubsystem        000001000005aef0 f   utxfinit.obj
 0001:0005ac00       AcpiInitializeObjects      000001000005b000 f   utxfinit.obj
 0001:0005aca0       AcpiAcquireMutex           000001000005b0a0 f   utxfmutex.obj
 0001:0005ad10       AcpiReleaseMutex           000001000005b110 f   utxfmutex.obj
 0001:0005ae20       VgaTextInit                000001000005b220 f   vga.obj
 0001:0005ae40       VgaTextClear               000001000005b240 f   vga.obj
 0001:0005aec0       VgaTextSetCursor           000001000005b2c0 f   vga.obj
 0001:0005aef0       monitorPut                 000001000005b2f0 f   video_memory_print.obj
 0001:0005b040       monitorWrite               000001000005b440 f   video_memory_print.obj
 0001:0005b0e0       monitorClear               000001000005b4e0 f   video_memory_print.obj
 0001:0005b270       CheckVmxSupported          000001000005b670 f   vmx.obj
 0001:0005b310       VmxInit                    000001000005b710 f   vmx.obj
 0001:0005ba70       VmxVmExitHandler           000001000005be70 f   vmx.obj
 0001:0005bc40       VmxConfigureGuestCode      000001000005c040 f   vmx.obj
 0001:0005bcb0       VmxGetPml4Pa               000001000005c0b0 f   vmx.obj
 0001:0005bcc0       ReadMsr                    000001000005c0c0 f   vmx.obj
 0001:0005bcf0       VmxPatchRealModeInt15hE820 000001000005c0f0 f   vmx.obj
 0001:0005be50       VmxJumpToNextInstr         000001000005c250 f   vmx.obj
 0001:0005c010       VmxRead                    000001000005c410 f   vmx.obj
 0001:0005c110       VmxOff                     000001000005c510 f   vmx.obj
 0001:0005c150       VmxSetBitInBitmap          000001000005c550 f   vmx.obj
 0001:0005c220       VmxStatusToNtStatus        000001000005c620 f   vmx.obj
 0001:0005c270       VmxBasicExitReasonPreemptionTimerExpired 000001000005c670 f   vmx.obj
 0001:0005c2c0       VmxBasicExitReasonTaskSwitch 000001000005c6c0 f   vmx.obj
 0001:0005c460       VmxBasicExitReasonIoInstruction 000001000005c860 f   vmx.obj
 0001:0005c6a0       VmxBasicExitReasonCpuid    000001000005caa0 f   vmx.obj
 0001:0005c850       VmxBasicExitReasonEptViolation 000001000005cc50 f   vmx.obj
 0001:0005cd10       VmxBasicExitReasonVmcall   000001000005d110 f   vmx.obj
 0001:0005d430       VmxBasicExitReasonXsetbv   000001000005d830 f   vmx.obj
 0001:0005d4d0       VmxBasicExitReasonRdmsr    000001000005d8d0 f   vmx.obj
 0001:0005d4e0       DetermineN                 000001000005d8e0 f   vmx.obj
 0001:0005d560       ReadFullMsr                000001000005d960 f   vmx.obj
 0001:0005d6c0       VmxSetRevisionIndentifier  000001000005dac0 f   vmx.obj
 0001:0005d790       VmxOn                      000001000005db90 f   vmx.obj
 0001:0005d800       VmxClear                   000001000005dc00 f   vmx.obj
 0001:0005d870       VmxPtrld                   000001000005dc70 f   vmx.obj
 0001:0005d8e0       CheckExecutionControls     000001000005dce0 f   vmx.obj
 0001:0005d9f0       ApplySettings              000001000005ddf0 f   vmx.obj
 0001:0005db60       VmxWrite                   000001000005df60 f   vmx.obj
 0001:0005dbc0       VmxSetVmcsGuestHostMasksAndReadShadowsForCr0AndCr4 000001000005dfc0 f   vmx.obj
 0001:0005e170       VmxSetVmcsMsrBitmaps       000001000005e570 f   vmx.obj
 0001:0005e310       VmxSetVmcsCr3TargetControls 000001000005e710 f   vmx.obj
 0001:0005e860       VmxSetVmcsEptp             000001000005ec60 f   vmx.obj
 0001:0005ea10       VmxSetVmcsVmExecutionControls 000001000005ee10 f   vmx.obj
 0001:0005ee90       VmxSetVmcsVmEntryControlsForMsrs 000001000005f290 f   vmx.obj
 0001:0005efe0       VmxSetVmcsVmEntryControlsForEventInjection 000001000005f3e0 f   vmx.obj
 0001:0005f130       VmxSetVmcsVmEntryControls  000001000005f530 f   vmx.obj
 0001:0005f2a0       VmxSetVmcsVmExitControlsForMsrs 000001000005f6a0 f   vmx.obj
 0001:0005f520       VmxSetVmcsVmExitControls   000001000005f920 f   vmx.obj
 0001:0005f6a0       VmxSetVmcsVmxControls      000001000005faa0 f   vmx.obj
 0001:0005f770       VmxSetVmcsHostControlRegistersAndMsrs 000001000005fb70 f   vmx.obj
 0001:0005fd60       VmxSetVmcsHostRipAndRsp    0000010000060160 f   vmx.obj
 0001:00060000       VmxSetVmcsHostSegmentAndDescriptorTableRegisters 0000010000060400 f   vmx.obj
 0001:00060d30       VmxSetVmcsHostArea         0000010000061130 f   vmx.obj
 0001:00060eb0       VmxSetVmcsGuestControlRegisters 00000100000612b0 f   vmx.obj
 0001:000614a0       VmxSetVmcsGuestSegmentSelectors 00000100000618a0 f   vmx.obj
 0001:00061e10       VmxSetVmcsGuestSegmentBaseAddresses 0000010000062210 f   vmx.obj
 0001:00062530       VmxSetVmcsGuestSegmentLimits 0000010000062930 f   vmx.obj
 0001:00062dc0       VmxSetVmcsGuestSegmentAccessRights 00000100000631c0 f   vmx.obj
 0001:000638b0       VmxSetVmcsGuestSegmentRegisters 0000010000063cb0 f   vmx.obj
 0001:000638e0       VmxSetVmcsGuestDescriptorTableRegisters 0000010000063ce0 f   vmx.obj
 0001:00063db0       VmxSetVmcsGuestRipRspAndRflags 00000100000641b0 f   vmx.obj
 0001:00064170       VmxSetVmcsGuestActivityState 0000010000064570 f   vmx.obj
 0001:000642c0       VmxSetVmcsGuestInterruptibilityState 00000100000646c0 f   vmx.obj
 0001:00064400       VmxSetVmcsGuestPendingDebugExceptions 0000010000064800 f   vmx.obj
 0001:00064540       VmxSetVmcsGuestVmcsLinkPointer 0000010000064940 f   vmx.obj
 0001:00064690       VmxSetVmcsGuestVmxPreemptionTimer 0000010000064a90 f   vmx.obj
 0001:000647d0       VmxSetVmcsIoBitmaps        0000010000064bd0 f   vmx.obj
 0001:00064b20       VmxSetVmcsExceptionBitmapControls 0000010000064f20 f   vmx.obj
 0001:00064c80       VmxSetVmcsGuestStateArea   0000010000065080 f   vmx.obj
 0001:00064ce0       VmxLaunch                  00000100000650e0 f   vmx.obj
 0001:00064d40       GetFailReason              0000010000065140 f   vmx.obj
 0001:00064db0       EnableSSE                  00000100000651b0 f   vmx.obj
 0001:00064e50       InitializeFeatures         0000010000065250 f   vmx.obj
 0001:00064ed0       Cr4SetBit                  00000100000652d0 f i vmx.obj
 0001:00064f50       MsrSetBit                  0000010000065350 f i vmx.obj
 0001:00064fb0       XcrSupportedValue          00000100000653b0 f i vmx.obj
 0001:00065000       VmxExitHandlerDefault      0000010000065400 f   vmx_exit_handler.obj
 0001:00065020       VmxExitHandlerExceptionNmi 0000010000065420 f   vmx_exit_handler.obj
 0001:00065030       VmxExitHandlerExternalInterrupt 0000010000065430 f   vmx_exit_handler.obj
 0001:00065040       VmxExitHandlerTripleFault  0000010000065440 f   vmx_exit_handler.obj
 0001:00065050       VmxExitHandlerInitSignal   0000010000065450 f   vmx_exit_handler.obj
 0001:00065060       VmxExitHandlerStartupIpiSipi 0000010000065460 f   vmx_exit_handler.obj
 0001:00065070       VmxExitHandlerIOSystemMananagementInterrupt 0000010000065470 f   vmx_exit_handler.obj
 0001:00065080       VmxExitHandlerOtherSmi     0000010000065480 f   vmx_exit_handler.obj
 0001:00065090       VmxExitHandlerInterruptWindow 0000010000065490 f   vmx_exit_handler.obj
[...]
 0004:0000240c       $pdata$str_off64           000001000008b60c     textdefs.obj
 0004:00002418       $pdata$SplitTime           000001000008b618     time.obj
 0004:00002424       $pdata$JoinTime            000001000008b624     time.obj
 0004:00002430       $pdata$FormatTime          000001000008b630     time.obj
 0004:0000243c       $pdata$TssInstallStack     000001000008b63c     tss.obj
 0004:00002448       $pdata$TssInstallStacks    000001000008b648     tss.obj
 0004:00002454       $pdata$AcpiUtAddAddressRange 000001000008b654     utaddress.obj
 0004:00002460       $pdata$AcpiUtRemoveAddressRange 000001000008b660     utaddress.obj
 0004:0000246c       $pdata$AcpiUtCheckAddressRange 000001000008b66c     utaddress.obj
 0004:00002478       $pdata$AcpiUtDeleteAddressLists 000001000008b678     utaddress.obj
 0004:00002484       $pdata$AcpiOsAllocateZeroed 000001000008b684     utalloc.obj
 0004:00002490       $pdata$AcpiUtCreateCaches  000001000008b690     utalloc.obj
 0004:0000249c       $pdata$AcpiUtDeleteCaches  000001000008b69c     utalloc.obj
 0004:000024a8       $pdata$AcpiUtInitializeBuffer 000001000008b6a8     utalloc.obj
 0004:000024b4       $pdata$AcpiUtDebugDumpBuffer 000001000008b6b4     utbuffer.obj
 0004:000024c0       $pdata$AcpiUtDumpBuffer    000001000008b6c0     utbuffer.obj
 0004:000024cc       $pdata$Mstrcat             000001000008b6cc     utclib.obj
 0004:000024d8       $pdata$Mstrcpy             000001000008b6d8     utclib.obj
 0004:000024e4       $pdata$Mstrcmp             000001000008b6e4     utclib.obj
 0004:000024f0       $pdata$Mstrlen             000001000008b6f0     utclib.obj
 0004:000024fc       $pdata$strncat             000001000008b6fc     utclib.obj
 0004:00002508       $pdata$strncmp             000001000008b708     utclib.obj
 0004:00002514       $pdata$strncpy             000001000008b714     utclib.obj
 0004:00002520       $pdata$strstr              000001000008b720     utclib.obj
 0004:0000252c       $pdata$strtoul             000001000008b72c     utclib.obj
 0004:00002538       $pdata$Mmemcmp             000001000008b738     utclib.obj
 0004:00002544       $pdata$Mmemcpy             000001000008b744     utclib.obj
 0004:00002550       $pdata$Mmemset             000001000008b750     utclib.obj
 0004:0000255c       $pdata$tolower             000001000008b75c     utclib.obj
 0004:00002568       $pdata$toupper             000001000008b768     utclib.obj
 0004:00002574       $pdata$AcpiUtCopyIobjectToEobject 000001000008b774     utcopy.obj
 0004:00002580       $pdata$AcpiUtCopyEobjectToIobject 000001000008b780     utcopy.obj
 0004:0000258c       $pdata$AcpiUtCopyIobjectToIobject 000001000008b78c     utcopy.obj
 0004:00002598       $pdata$AcpiUtCopyIelementToIelement 000001000008b798     utcopy.obj
 0004:000025a4       $pdata$AcpiUtCopyIpackageToEpackage 000001000008b7a4     utcopy.obj
 0004:000025b0       $pdata$AcpiUtCopyEsimpleToIsimple 000001000008b7b0     utcopy.obj
 0004:000025bc       $pdata$AcpiUtCopyEpackageToIpackage 000001000008b7bc     utcopy.obj
 0004:000025c8       $pdata$AcpiUtCopySimpleObject 000001000008b7c8     utcopy.obj
 0004:000025d4       $pdata$AcpiUtCopyIelementToEelement 000001000008b7d4     utcopy.obj
 0004:000025e0       $pdata$AcpiUtCopyIpackageToIpackage 000001000008b7e0     utcopy.obj
 0004:000025ec       $pdata$AcpiUtCopyIsimpleToEsimple 000001000008b7ec     utcopy.obj
 0004:000025f8       $pdata$AcpiUtGetNodeName   000001000008b7f8     utdecode.obj
 0004:00002604       $pdata$AcpiUtGetObjectTypeName 000001000008b804     utdecode.obj
 0004:00002610       $pdata$AcpiUtUpdateObjectReference 000001000008b810     utdelete.obj
 0004:0000261c       $pdata$AcpiUtAddReference  000001000008b81c     utdelete.obj
 0004:00002628       $pdata$AcpiUtRemoveReference 000001000008b828     utdelete.obj
 0004:00002634       $pdata$AcpiUtDeleteInternalObjectList 000001000008b834     utdelete.obj
 0004:00002640       $pdata$AcpiUtUpdateRefCount 000001000008b840     utdelete.obj
 0004:0000264c       $pdata$AcpiUtDeleteInternalObj 000001000008b84c     utdelete.obj
 0004:00002658       $pdata$AcpiUtPredefinedWarning 000001000008b858     uterror.obj
 0004:00002664       $pdata$AcpiUtPredefinedInfo 000001000008b864     uterror.obj
 0004:00002670       $pdata$AcpiUtPredefinedBiosError 000001000008b870     uterror.obj
 0004:0000267c       $pdata$AcpiUtNamespaceError 000001000008b87c     uterror.obj
 0004:00002688       $pdata$AcpiUtMethodError   000001000008b888     uterror.obj
 0004:00002694       $pdata$AcpiUtEvaluateObject 000001000008b894     uteval.obj
 0004:000026a0       $pdata$AcpiUtEvaluateNumericObject 000001000008b8a0     uteval.obj
 0004:000026ac       $pdata$AcpiUtExecute_STA   000001000008b8ac     uteval.obj
 0004:000026b8       $pdata$AcpiUtExecutePowerMethods 000001000008b8b8     uteval.obj
 0004:000026c4       $pdata$AcpiFormatException 000001000008b8c4     utexcep.obj
 0004:000026d0       $pdata$AcpiUtValidateException 000001000008b8d0     utexcep.obj
 0004:000026dc       $pdata$AcpiUtExecute_HID   000001000008b8dc     utids.obj
 0004:000026e8       $pdata$AcpiUtExecute_UID   000001000008b8e8     utids.obj
 0004:000026f4       $pdata$AcpiUtExecute_SUB   000001000008b8f4     utids.obj
 0004:00002700       $pdata$AcpiUtExecute_CID   000001000008b900     utids.obj
 0004:0000270c       $pdata$AcpiUtExecute_CLS   000001000008b90c     utids.obj
 0004:00002718       $pdata$AcpiUtInitGlobals   000001000008b918     utinit.obj
 0004:00002724       $pdata$AcpiUtSubsystemShutdown 000001000008b924     utinit.obj
 0004:00002730       $pdata$AcpiUtTerminate     000001000008b930     utinit.obj
 0004:0000273c       $pdata$AcpiUtFreeGpeLists  000001000008b93c     utinit.obj
 0004:00002748       $pdata$AcpiUtCreateRwLock  000001000008b948     utlock.obj
 0004:00002754       $pdata$AcpiUtDeleteRwLock  000001000008b954     utlock.obj
 0004:00002760       $pdata$AcpiUtAcquireReadLock 000001000008b960     utlock.obj
 0004:0000276c       $pdata$AcpiUtReleaseReadLock 000001000008b96c     utlock.obj
 0004:00002778       $pdata$AcpiUtAcquireWriteLock 000001000008b978     utlock.obj
 0004:00002784       $pdata$AcpiUtReleaseWriteLock 000001000008b984     utlock.obj
 0004:00002790       $pdata$AcpiUtDivide        000001000008b990     utmath.obj
 0004:0000279c       $pdata$AcpiUtShortDivide   000001000008b99c     utmath.obj
 0004:000027a8       $pdata$AcpiUtCreateUpdateStateAndPush 000001000008b9a8     utmisc.obj
 0004:000027b4       $pdata$AcpiUtIsPciRootBridge 000001000008b9b4     utmisc.obj
 0004:000027c0       $pdata$AcpiUtWalkPackageTree 000001000008b9c0     utmisc.obj
 0004:000027cc       $pdata$AcpiUtDwordByteSwap 000001000008b9cc     utmisc.obj
 0004:000027d8       $pdata$AcpiUtMutexInitialize 000001000008b9d8     utmutex.obj
 0004:000027e4       $pdata$AcpiUtMutexTerminate 000001000008b9e4     utmutex.obj
 0004:000027f0       $pdata$AcpiUtAcquireMutex  000001000008b9f0     utmutex.obj
 0004:000027fc       $pdata$AcpiUtReleaseMutex  000001000008b9fc     utmutex.obj
 0004:00002808       $pdata$AcpiUtCreateMutex   000001000008ba08     utmutex.obj
 0004:00002814       $pdata$AcpiUtDeleteMutex   000001000008ba14     utmutex.obj
 0004:00002820       $pdata$AcpiUtCreateInternalObjectDbg 000001000008ba20     utobject.obj
 0004:0000282c       $pdata$AcpiUtAllocateObjectDescDbg 000001000008ba2c     utobject.obj
 0004:00002838       $pdata$AcpiUtDeleteObjectDesc 000001000008ba38     utobject.obj
 0004:00002844       $pdata$AcpiUtValidInternalObject 000001000008ba44     utobject.obj
 0004:00002850       $pdata$AcpiUtCreatePackageObject 000001000008ba50     utobject.obj
 0004:0000285c       $pdata$AcpiUtCreateIntegerObject 000001000008ba5c     utobject.obj
 0004:00002868       $pdata$AcpiUtCreateBufferObject 000001000008ba68     utobject.obj
 0004:00002874       $pdata$AcpiUtCreateStringObject 000001000008ba74     utobject.obj
 0004:00002880       $pdata$AcpiUtGetObjectSize 000001000008ba80     utobject.obj
 0004:0000288c       $pdata$AcpiUtGetSimpleObjectSize 000001000008ba8c     utobject.obj
 0004:00002898       $pdata$AcpiUtGetPackageObjectSize 000001000008ba98     utobject.obj
 0004:000028a4       $pdata$AcpiUtGetElementLength 000001000008baa4     utobject.obj
 0004:000028b0       $pdata$AcpiUtInitializeInterfaces 000001000008bab0     utosi.obj
 0004:000028bc       $pdata$AcpiUtInterfaceTerminate 000001000008babc     utosi.obj
 0004:000028c8       $pdata$AcpiUtInstallInterface 000001000008bac8     utosi.obj
 0004:000028d4       $pdata$AcpiUtRemoveInterface 000001000008bad4     utosi.obj
 0004:000028e0       $pdata$AcpiUtUpdateInterfaces 000001000008bae0     utosi.obj
 0004:000028ec       $pdata$AcpiUtGetInterface  000001000008baec     utosi.obj
 0004:000028f8       $pdata$AcpiUtOsiImplementation 000001000008baf8     utosi.obj
 0004:00002904       $pdata$AcpiUtAllocateOwnerId 000001000008bb04     utownerid.obj
 0004:00002910       $pdata$AcpiUtReleaseOwnerId 000001000008bb10     utownerid.obj
 0004:0000291c       $pdata$AcpiUtMatchPredefinedMethod 000001000008bb1c     utpredef.obj
 0004:00002928       $pdata$AcpiUtGetExpectedReturnTypes 000001000008bb28     utpredef.obj
 0004:00002934       $pdata$AcpiUtScanNumber    000001000008bb34     utprint.obj
 0004:00002940       $pdata$AcpiUtPrintNumber   000001000008bb40     utprint.obj
 0004:0000294c       $pdata$AcpiUtVsnprintf     000001000008bb4c     utprint.obj
 0004:00002958       $pdata$AcpiUtSnprintf      000001000008bb58     utprint.obj
 0004:00002964       $pdata$AcpiUtFormatNumber  000001000008bb64     utprint.obj
 0004:00002970       $pdata$AcpiUtPutNumber     000001000008bb70     utprint.obj
 0004:0000297c       $pdata$AcpiUtBoundStringLength 000001000008bb7c     utprint.obj
 0004:00002988       $pdata$AcpiUtWalkAmlResources 000001000008bb88     utresrc.obj
 0004:00002994       $pdata$AcpiUtValidateResource 000001000008bb94     utresrc.obj
 0004:000029a0       $pdata$AcpiUtGetDescriptorLength 000001000008bba0     utresrc.obj
 0004:000029ac       $pdata$AcpiUtGetResourceLength 000001000008bbac     utresrc.obj
 0004:000029b8       $pdata$AcpiUtGetResourceEndTag 000001000008bbb8     utresrc.obj
 0004:000029c4       $pdata$AcpiUtPopGenericState 000001000008bbc4     utstate.obj
 0004:000029d0       $pdata$AcpiUtCreateGenericState 000001000008bbd0     utstate.obj
 0004:000029dc       $pdata$AcpiUtCreateThreadState 000001000008bbdc     utstate.obj
 0004:000029e8       $pdata$AcpiUtCreateUpdateState 000001000008bbe8     utstate.obj
 0004:000029f4       $pdata$AcpiUtCreatePkgState 000001000008bbf4     utstate.obj
 0004:00002a00       $pdata$AcpiUtCreateControlState 000001000008bc00     utstate.obj
 0004:00002a0c       $pdata$AcpiUtDeleteGenericState 000001000008bc0c     utstate.obj
 0004:00002a18       $pdata$AcpiUtStrupr        000001000008bc18     utstring.obj
 0004:00002a24       $pdata$AcpiUtStrtoul64     000001000008bc24     utstring.obj
 0004:00002a30       $pdata$AcpiUtPrintString   000001000008bc30     utstring.obj
 0004:00002a3c       $pdata$AcpiUtValidAcpiName 000001000008bc3c     utstring.obj
 0004:00002a48       $pdata$AcpiUtRepairName    000001000008bc48     utstring.obj
 0004:00002a54       $pdata$AcpiTerminate       000001000008bc54     utxface.obj
 0004:00002a60       $pdata$AcpiGetSystemInfo   000001000008bc60     utxface.obj
 0004:00002a6c       $pdata$AcpiGetStatistics   000001000008bc6c     utxface.obj
 0004:00002a78       $pdata$AcpiPurgeCachedObjects 000001000008bc78     utxface.obj
 0004:00002a84       $pdata$AcpiInstallInterface 000001000008bc84     utxface.obj
 0004:00002a90       $pdata$AcpiRemoveInterface 000001000008bc90     utxface.obj
 0004:00002a9c       $pdata$AcpiUpdateInterfaces 000001000008bc9c     utxface.obj
 0004:00002aa8       $pdata$AcpiCheckAddressRange 000001000008bca8     utxface.obj
 0004:00002ab4       $pdata$AcpiDecodePldBuffer 000001000008bcb4     utxface.obj
 0004:00002ac0       $pdata$AcpiInstallInterfaceHandler 000001000008bcc0     utxface.obj
 0004:00002acc       $pdata$AcpiError           000001000008bccc     utxferror.obj
 0004:00002ad8       $pdata$AcpiException       000001000008bcd8     utxferror.obj
 0004:00002ae4       $pdata$AcpiWarning         000001000008bce4     utxferror.obj
 0004:00002af0       $pdata$AcpiInfo            000001000008bcf0     utxferror.obj
 0004:00002afc       $pdata$AcpiBiosError       000001000008bcfc     utxferror.obj
 0004:00002b08       $pdata$AcpiBiosWarning     000001000008bd08     utxferror.obj
 0004:00002b14       $pdata$AcpiInitializeSubsystem 000001000008bd14     utxfinit.obj
 0004:00002b20       $pdata$AcpiEnableSubsystem 000001000008bd20     utxfinit.obj
 0004:00002b2c       $pdata$AcpiInitializeObjects 000001000008bd2c     utxfinit.obj
 0004:00002b38       $pdata$AcpiAcquireMutex    000001000008bd38     utxfmutex.obj
 0004:00002b44       $pdata$AcpiReleaseMutex    000001000008bd44     utxfmutex.obj
 0004:00002b50       $pdata$AcpiUtGetMutexObject 000001000008bd50     utxfmutex.obj
 0004:00002b5c       $pdata$VgaTextInit         000001000008bd5c     vga.obj
 0004:00002b68       $pdata$VgaTextClear        000001000008bd68     vga.obj
 0004:00002b74       $pdata$monitorPut          000001000008bd74     video_memory_print.obj
 0004:00002b80       $pdata$monitorWrite        000001000008bd80     video_memory_print.obj
 0004:00002b8c       $pdata$monitorClear        000001000008bd8c     video_memory_print.obj
 0004:00002b98       $pdata$scroll              000001000008bd98     video_memory_print.obj
 0004:00002ba4       $pdata$moveCursor          000001000008bda4     video_memory_print.obj
 0004:00002bb0       $pdata$CheckVmxSupported   000001000008bdb0     vmx.obj
 0004:00002bbc       $pdata$VmxInit             000001000008bdbc     vmx.obj
 0004:00002bc8       $pdata$VmxVmExitHandler    000001000008bdc8     vmx.obj
 0004:00002bd4       $pdata$VmxConfigureGuestCode 000001000008bdd4     vmx.obj
 0004:00002be0       $pdata$VmxPatchRealModeInt15hE820 000001000008bde0     vmx.obj
 0004:00002bec       $pdata$VmxJumpToNextInstr  000001000008bdec     vmx.obj
 0004:00002bf8       $pdata$VmxRead             000001000008bdf8     vmx.obj
 0004:00002c04       $pdata$VmxOff              000001000008be04     vmx.obj
 0004:00002c10       $pdata$VmxSetBitInBitmap   000001000008be10     vmx.obj
 0004:00002c1c       $pdata$VmxStatusToNtStatus 000001000008be1c     vmx.obj
 0004:00002c28       $pdata$VmxBasicExitReasonPreemptionTimerExpired 000001000008be28     vmx.obj
 0004:00002c34       $pdata$VmxBasicExitReasonTaskSwitch 000001000008be34     vmx.obj
 0004:00002c40       $pdata$VmxBasicExitReasonIoInstruction 000001000008be40     vmx.obj
 0004:00002c4c       $pdata$VmxBasicExitReasonCpuid 000001000008be4c     vmx.obj
 0004:00002c58       $pdata$VmxBasicExitReasonEptViolation 000001000008be58     vmx.obj
 0004:00002c64       $pdata$VmxBasicExitReasonVmcall 000001000008be64     vmx.obj
 0004:00002c70       $pdata$VmxBasicExitReasonXsetbv 000001000008be70     vmx.obj
 0004:00002c7c       $pdata$DetermineN          000001000008be7c     vmx.obj
 0004:00002c88       $pdata$VmxSetRestrictedValues 000001000008be88     vmx.obj
 0004:00002c94       $pdata$VmxSetRevisionIndentifier 000001000008be94     vmx.obj
 0004:00002ca0       $pdata$VmxOn               000001000008bea0     vmx.obj
 0004:00002cac       $pdata$VmxClear            000001000008beac     vmx.obj
 0004:00002cb8       $pdata$VmxPtrld            000001000008beb8     vmx.obj
 0004:00002cc4       $pdata$CheckExecutionControls 000001000008bec4     vmx.obj
 0004:00002cd0       $pdata$ApplySettings       000001000008bed0     vmx.obj
 0004:00002cdc       $pdata$VmxWrite            000001000008bedc     vmx.obj
 0004:00002ce8       $pdata$VmxSetVmcsGuestHostMasksAndReadShadowsForCr0AndCr4 000001000008bee8     vmx.obj
 0004:00002cf4       $pdata$VmxSetVmcsMsrBitmaps 000001000008bef4     vmx.obj
 0004:00002d00       $pdata$VmxSetVmcsCr3TargetControls 000001000008bf00     vmx.obj
 0004:00002d0c       $pdata$VmxSetVmcsEptp      000001000008bf0c     vmx.obj
 0004:00002d18       $pdata$VmxSetVmcsVmExecutionControls 000001000008bf18     vmx.obj
 0004:00002d24       $pdata$VmxSetVmcsVmEntryControlsForMsrs 000001000008bf24     vmx.obj
 0004:00002d30       $pdata$VmxSetVmcsVmEntryControlsForEventInjection 000001000008bf30     vmx.obj
 0004:00002d3c       $pdata$VmxSetVmcsVmEntryControls 000001000008bf3c     vmx.obj
 0004:00002d48       $pdata$VmxSetVmcsVmExitControlsForMsrs 000001000008bf48     vmx.obj
 0004:00002d54       $pdata$VmxSetVmcsVmExitControls 000001000008bf54     vmx.obj
 0004:00002d60       $pdata$VmxSetVmcsVmxControls 000001000008bf60     vmx.obj
 0004:00002d6c       $pdata$VmxSetVmcsHostControlRegistersAndMsrs 000001000008bf6c     vmx.obj
 0004:00002d78       $pdata$VmxSetVmcsHostRipAndRsp 000001000008bf78     vmx.obj
 0004:00002d84       $pdata$VmxSetVmcsHostSegmentAndDescriptorTableRegisters 000001000008bf84     vmx.obj
 0004:00002d90       $pdata$VmxSetVmcsHostArea  000001000008bf90     vmx.obj
 0004:00002d9c       $pdata$VmxSetVmcsGuestControlRegisters 000001000008bf9c     vmx.obj
 0004:00002da8       $pdata$VmxSetVmcsGuestSegmentSelectors 000001000008bfa8     vmx.obj
 0004:00002db4       $pdata$VmxSetVmcsGuestSegmentBaseAddresses 000001000008bfb4     vmx.obj
 0004:00002dc0       $pdata$VmxSetVmcsGuestSegmentLimits 000001000008bfc0     vmx.obj
 0004:00002dcc       $pdata$VmxSetVmcsGuestSegmentAccessRights 000001000008bfcc     vmx.obj
 0004:00002dd8       $pdata$VmxSetVmcsGuestSegmentRegisters 000001000008bfd8     vmx.obj
 0004:00002de4       $pdata$VmxSetVmcsGuestDescriptorTableRegisters 000001000008bfe4     vmx.obj
 0004:00002df0       $pdata$VmxSetVmcsGuestRipRspAndRflags 000001000008bff0     vmx.obj
 0004:00002dfc       $pdata$VmxSetVmcsGuestActivityState 000001000008bffc     vmx.obj
 0004:00002e08       $pdata$VmxSetVmcsGuestInterruptibilityState 000001000008c008     vmx.obj
 0004:00002e14       $pdata$VmxSetVmcsGuestPendingDebugExceptions 000001000008c014     vmx.obj
 0004:00002e20       $pdata$VmxSetVmcsGuestVmcsLinkPointer 000001000008c020     vmx.obj
 0004:00002e2c       $pdata$VmxSetVmcsGuestVmxPreemptionTimer 000001000008c02c     vmx.obj
 0004:00002e38       $pdata$VmxSetVmcsIoBitmaps 000001000008c038     vmx.obj
 0004:00002e44       $pdata$VmxSetVmcsExceptionBitmapControls 000001000008c044     vmx.obj
 0004:00002e50       $pdata$VmxSetVmcsGuestStateArea 000001000008c050     vmx.obj
 0004:00002e5c       $pdata$VmxLaunch           000001000008c05c     vmx.obj
 0004:00002e68       $pdata$GetFailReason       000001000008c068     vmx.obj
 0004:00002e74       $pdata$EnableSSE           000001000008c074     vmx.obj
 0004:00002e80       $pdata$InitializeFeatures  000001000008c080     vmx.obj
 0004:00002e8c       $pdata$Cr4SetBit           000001000008c08c     vmx.obj
 0004:00002e98       $pdata$MsrSetBit           000001000008c098     vmx.obj
 0004:00002ea4       $pdata$XcrSupportedValue   000001000008c0a4     vmx.obj
 0004:00002eb0       $pdata$VmxExitHandlerDefault 000001000008c0b0     vmx_exit_handler.obj
 0004:00002ebc       $pdata$VmxExitHandlerTaskSwitch 000001000008c0bc     vmx_exit_handler.obj
 0004:00002ec8       $pdata$VmxExitHandlerCpuid 000001000008c0c8     vmx_exit_handler.obj
 0004:00002ed4       $pdata$VmxExitHandlerIOInstruction 000001000008c0d4     vmx_exit_handler.obj
 0004:00002ee0       $pdata$VmxExitHandlerVmxPreemptionTimerExpired 000001000008c0e0     vmx_exit_handler.obj
 0004:00002eec       $pdata$VVgaTextInit        000001000008c0ec     vvga.obj
 0004:00002ef8       $pdata$VVgaTextClear       000001000008c0f8     vvga.obj
 0004:00002f04       $pdata$strcpylen_WS        000001000008c104     wstring.obj
 0004:00002f10       $pdata$strcatlen_WS        000001000008c110     wstring.obj
 0004:00002f1c       $pdata$strcat_WS           000001000008c11c     wstring.obj
 0005:00000060       $R000000                   000001000008c260     * linker generated manifest res *

 Exports

  ordinal    name

